#
# There is insufficient memory for the Java Runtime Environment to continue.
# Native memory allocation (malloc) failed to allocate 64656 bytes for Chunk::new
# Possible reasons:
#   The system is out of physical RAM or swap space
#   In 32 bit mode, the process size limit was hit
# Possible solutions:
#   Reduce memory load on the system
#   Increase physical memory or swap space
#   Check if swap backing store is full
#   Use 64 bit Java on a 64 bit OS
#   Decrease Java heap size (-Xmx/-Xms)
#   Decrease number of Java threads
#   Decrease Java thread stack sizes (-Xss)
#   Set larger code cache with -XX:ReservedCodeCacheSize=
# This output file may be truncated or incomplete.
#
#  Out of Memory Error (allocation.cpp:390), pid=18056, tid=0x0000000000004990
#
# JRE version: Java(TM) SE Runtime Environment (8.0_141-b15) (build 1.8.0_141-b15)
# Java VM: Java HotSpot(TM) 64-Bit Server VM (25.141-b15 mixed mode windows-amd64 compressed oops)
# Failed to write core dump. Minidumps are not enabled by default on client versions of Windows
#

---------------  T H R E A D  ---------------

Current thread (0x000000001576d800):  JavaThread "C2 CompilerThread0" daemon [_thread_in_native, id=18832, stack(0x0000000016df0000,0x0000000016ef0000)]

Stack: [0x0000000016df0000,0x0000000016ef0000]
[error occurred during error reporting (printing stack bounds), id 0xc0000005]

Native frames: (J=compiled Java code, j=interpreted, Vv=VM code, C=native code)


Current CompileTask:
C2:6719687 8461   !   4       iTestMethods.iTestMethods::compareCorrectAnswers (5583 bytes)


---------------  P R O C E S S  ---------------

Java Threads: ( => current thread )
  0x00000000276e6800 JavaThread "Exec Stream Pumper" daemon [_thread_in_native, id=32100, stack(0x000000006e400000,0x000000006e500000)]
  0x00000000276e4000 JavaThread "Exec Stream Pumper" daemon [_thread_in_native, id=16940, stack(0x000000006e300000,0x000000006e400000)]
  0x00000000276dc000 JavaThread "Exec Default Executor" daemon [_thread_in_native, id=31932, stack(0x000000006e200000,0x000000006e300000)]
  0x00000000276da800 JavaThread "Exec Stream Pumper" daemon [_thread_in_native, id=26260, stack(0x000000006e000000,0x000000006e100000)]
  0x00000000276df800 JavaThread "Exec Stream Pumper" daemon [_thread_in_native, id=27448, stack(0x000000006df00000,0x000000006e000000)]
  0x00000000276df000 JavaThread "Exec Default Executor" daemon [_thread_in_native, id=30664, stack(0x000000006de00000,0x000000006df00000)]
  0x00000000276d7800 JavaThread "Exec Stream Pumper" daemon [_thread_in_native, id=31136, stack(0x000000006d9f0000,0x000000006daf0000)]
  0x00000000276d8000 JavaThread "Exec Stream Pumper" daemon [_thread_in_native, id=32232, stack(0x000000006d8f0000,0x000000006d9f0000)]
  0x00000000276d9000 JavaThread "UrlChecker-40" daemon [_thread_blocked, id=32724, stack(0x000000006d7f0000,0x000000006d8f0000)]
  0x00000000276ce800 JavaThread "Exec Default Executor" daemon [_thread_in_native, id=31376, stack(0x000000006d6f0000,0x000000006d7f0000)]
  0x00000000276de000 JavaThread "Exec Stream Pumper" daemon [_thread_in_native, id=32356, stack(0x000000006d5f0000,0x000000006d6f0000)]
  0x00000000276dc800 JavaThread "Exec Stream Pumper" daemon [_thread_in_native, id=32760, stack(0x000000006d4f0000,0x000000006d5f0000)]
  0x00000000276d6800 JavaThread "Exec Default Executor" daemon [_thread_in_native, id=28172, stack(0x000000006d3f0000,0x000000006d4f0000)]
  0x00000000276dd800 JavaThread "Exec Stream Pumper" daemon [_thread_in_native, id=30944, stack(0x000000006d1f0000,0x000000006d2f0000)]
  0x00000000276d9800 JavaThread "Exec Stream Pumper" daemon [_thread_in_native, id=29868, stack(0x000000006d0f0000,0x000000006d1f0000)]
  0x00000000276db000 JavaThread "Exec Default Executor" daemon [_thread_in_native, id=32544, stack(0x000000006cff0000,0x000000006d0f0000)]
  0x00000000276cf000 JavaThread "Exec Stream Pumper" daemon [_thread_in_native, id=32484, stack(0x000000006cdf0000,0x000000006cef0000)]
  0x00000000276d6000 JavaThread "Exec Stream Pumper" daemon [_thread_in_native, id=27312, stack(0x000000006ccf0000,0x000000006cdf0000)]
  0x00000000276d4800 JavaThread "Exec Default Executor" daemon [_thread_in_native, id=31880, stack(0x000000006caf0000,0x000000006cbf0000)]
  0x00000000276d3000 JavaThread "Exec Stream Pumper" daemon [_thread_in_native, id=29496, stack(0x000000006c9f0000,0x000000006caf0000)]
  0x00000000276d3800 JavaThread "Exec Stream Pumper" daemon [_thread_in_native, id=28768, stack(0x000000006c8f0000,0x000000006c9f0000)]
  0x00000000276d0800 JavaThread "Exec Default Executor" daemon [_thread_in_native, id=32156, stack(0x000000006c7f0000,0x000000006c8f0000)]
  0x00000000276d5000 JavaThread "Exec Stream Pumper" daemon [_thread_in_native, id=26464, stack(0x000000006c5f0000,0x000000006c6f0000)]
  0x00000000276d2000 JavaThread "Exec Stream Pumper" daemon [_thread_in_native, id=32588, stack(0x000000006c4f0000,0x000000006c5f0000)]
  0x00000000276d0000 JavaThread "Exec Default Executor" daemon [_thread_in_native, id=31960, stack(0x000000006c3f0000,0x000000006c4f0000)]
  0x00000000276d1800 JavaThread "Exec Stream Pumper" daemon [_thread_in_native, id=27264, stack(0x000000006c1f0000,0x000000006c2f0000)]
  0x000000005fa6a000 JavaThread "Exec Stream Pumper" daemon [_thread_in_native, id=27396, stack(0x000000006c0f0000,0x000000006c1f0000)]
  0x000000001c7e7000 JavaThread "Exec Default Executor" daemon [_thread_in_native, id=30800, stack(0x000000006bef0000,0x000000006bff0000)]
  0x000000001c7e6800 JavaThread "Exec Stream Pumper" daemon [_thread_in_native, id=32104, stack(0x000000006bdf0000,0x000000006bef0000)]
  0x000000001c7df000 JavaThread "Exec Stream Pumper" daemon [_thread_in_native, id=32536, stack(0x000000006bcf0000,0x000000006bdf0000)]
  0x000000001c7e5800 JavaThread "Exec Default Executor" daemon [_thread_in_native, id=27424, stack(0x000000006bbf0000,0x000000006bcf0000)]
  0x000000001c7e5000 JavaThread "Exec Stream Pumper" daemon [_thread_in_native, id=29792, stack(0x000000006b9f0000,0x000000006baf0000)]
  0x000000001c7e3800 JavaThread "Exec Stream Pumper" daemon [_thread_in_native, id=29812, stack(0x000000006b8f0000,0x000000006b9f0000)]
  0x000000001c7dd800 JavaThread "Exec Default Executor" daemon [_thread_in_native, id=29828, stack(0x000000006b7f0000,0x000000006b8f0000)]
  0x000000001c7e2800 JavaThread "Exec Stream Pumper" daemon [_thread_in_native, id=31844, stack(0x000000006b5f0000,0x000000006b6f0000)]
  0x000000001c7e4000 JavaThread "Exec Stream Pumper" daemon [_thread_in_native, id=31092, stack(0x000000006b4f0000,0x000000006b5f0000)]
  0x000000001c7d3800 JavaThread "Exec Default Executor" daemon [_thread_in_native, id=6964, stack(0x000000006b2f0000,0x000000006b3f0000)]
  0x000000001c7e1000 JavaThread "Exec Stream Pumper" daemon [_thread_in_native, id=27880, stack(0x000000006b1f0000,0x000000006b2f0000)]
  0x000000001c7e0800 JavaThread "Exec Stream Pumper" daemon [_thread_in_native, id=31528, stack(0x000000006b0f0000,0x000000006b1f0000)]
  0x000000001c7de000 JavaThread "Exec Default Executor" daemon [_thread_in_native, id=25044, stack(0x000000006aff0000,0x000000006b0f0000)]
  0x000000001c7df800 JavaThread "Exec Stream Pumper" daemon [_thread_in_native, id=28460, stack(0x000000006adf0000,0x000000006aef0000)]
  0x000000001c7d6000 JavaThread "Exec Stream Pumper" daemon [_thread_in_native, id=28484, stack(0x000000006acf0000,0x000000006adf0000)]
  0x000000001c7dc800 JavaThread "Exec Default Executor" daemon [_thread_in_native, id=31640, stack(0x000000006abf0000,0x000000006acf0000)]
  0x000000001c7dc000 JavaThread "Exec Stream Pumper" daemon [_thread_in_native, id=32396, stack(0x000000006a9f0000,0x000000006aaf0000)]
  0x000000001c7db000 JavaThread "Exec Stream Pumper" daemon [_thread_in_native, id=32392, stack(0x000000006a8f0000,0x000000006a9f0000)]
  0x000000001c7d9800 JavaThread "Exec Default Executor" daemon [_thread_in_native, id=32372, stack(0x000000006a6f0000,0x000000006a7f0000)]
  0x000000001c7da800 JavaThread "Exec Stream Pumper" daemon [_thread_in_native, id=30380, stack(0x000000006a5f0000,0x000000006a6f0000)]
  0x000000001c7d9000 JavaThread "Exec Stream Pumper" daemon [_thread_in_native, id=26764, stack(0x000000006a4f0000,0x000000006a5f0000)]
  0x000000001c7d8000 JavaThread "Exec Default Executor" daemon [_thread_in_native, id=26664, stack(0x000000006a3f0000,0x000000006a4f0000)]
  0x000000001c7d7800 JavaThread "Exec Stream Pumper" daemon [_thread_in_native, id=30880, stack(0x000000006a1f0000,0x000000006a2f0000)]
  0x000000001c7d3000 JavaThread "Exec Stream Pumper" daemon [_thread_in_native, id=30632, stack(0x000000006a0f0000,0x000000006a1f0000)]
  0x000000001c7d4800 JavaThread "Exec Default Executor" daemon [_thread_in_native, id=31004, stack(0x0000000069ff0000,0x000000006a0f0000)]
  0x000000001c7d5000 JavaThread "Exec Stream Pumper" daemon [_thread_in_native, id=29356, stack(0x0000000069df0000,0x0000000069ef0000)]
  0x000000001c7d6800 JavaThread "Exec Stream Pumper" daemon [_thread_in_native, id=28872, stack(0x0000000069cf0000,0x0000000069df0000)]
  0x000000001c7c8000 JavaThread "Exec Default Executor" daemon [_thread_in_native, id=31652, stack(0x0000000069af0000,0x0000000069bf0000)]
  0x000000001c7d2000 JavaThread "Exec Stream Pumper" daemon [_thread_in_native, id=28356, stack(0x00000000699f0000,0x0000000069af0000)]
  0x000000001c7ca800 JavaThread "Exec Stream Pumper" daemon [_thread_in_native, id=24936, stack(0x00000000698f0000,0x00000000699f0000)]
  0x000000001c7d1800 JavaThread "Exec Default Executor" daemon [_thread_in_native, id=26536, stack(0x00000000697f0000,0x00000000698f0000)]
  0x000000001c7c9800 JavaThread "Exec Stream Pumper" daemon [_thread_in_native, id=30992, stack(0x00000000695f0000,0x00000000696f0000)]
  0x000000001c7d0800 JavaThread "Exec Stream Pumper" daemon [_thread_in_native, id=30976, stack(0x00000000694f0000,0x00000000695f0000)]
  0x000000001c7c9000 JavaThread "Exec Default Executor" daemon [_thread_in_native, id=27840, stack(0x00000000693f0000,0x00000000694f0000)]
  0x000000001c7d0000 JavaThread "Exec Stream Pumper" daemon [_thread_in_native, id=31540, stack(0x00000000691f0000,0x00000000692f0000)]
  0x000000001c7cf000 JavaThread "Exec Stream Pumper" daemon [_thread_in_native, id=29260, stack(0x00000000690f0000,0x00000000691f0000)]
  0x000000001c7ce800 JavaThread "Exec Default Executor" daemon [_thread_in_native, id=30872, stack(0x0000000068ef0000,0x0000000068ff0000)]
  0x000000001c7cd800 JavaThread "Exec Stream Pumper" daemon [_thread_in_native, id=30728, stack(0x0000000068df0000,0x0000000068ef0000)]
  0x000000001c7cb800 JavaThread "Exec Stream Pumper" daemon [_thread_in_native, id=11760, stack(0x0000000068cf0000,0x0000000068df0000)]
  0x000000001c7cd000 JavaThread "Exec Default Executor" daemon [_thread_in_native, id=28564, stack(0x0000000068bf0000,0x0000000068cf0000)]
  0x000000001c7cc000 JavaThread "Exec Stream Pumper" daemon [_thread_in_native, id=28408, stack(0x00000000689f0000,0x0000000068af0000)]
  0x000000001a36d000 JavaThread "Exec Stream Pumper" daemon [_thread_in_native, id=27868, stack(0x00000000688f0000,0x00000000689f0000)]
  0x000000005fa6a800 JavaThread "Exec Default Executor" daemon [_thread_in_native, id=28884, stack(0x00000000687f0000,0x00000000688f0000)]
  0x000000005fa67800 JavaThread "Exec Stream Pumper" daemon [_thread_in_native, id=30924, stack(0x00000000685f0000,0x00000000686f0000)]
  0x000000005fa6d800 JavaThread "Exec Stream Pumper" daemon [_thread_in_native, id=30912, stack(0x00000000684f0000,0x00000000685f0000)]
  0x000000005fa6c000 JavaThread "Exec Default Executor" daemon [_thread_in_native, id=28604, stack(0x00000000682f0000,0x00000000683f0000)]
  0x000000005fa6e800 JavaThread "Exec Stream Pumper" daemon [_thread_in_native, id=27352, stack(0x00000000681f0000,0x00000000682f0000)]
  0x000000005fa69000 JavaThread "Exec Stream Pumper" daemon [_thread_in_native, id=25344, stack(0x00000000680f0000,0x00000000681f0000)]
  0x000000005fa6b800 JavaThread "Exec Default Executor" daemon [_thread_in_native, id=27324, stack(0x0000000067ff0000,0x00000000680f0000)]
  0x000000005fa6d000 JavaThread "Exec Stream Pumper" daemon [_thread_in_native, id=30148, stack(0x0000000067df0000,0x0000000067ef0000)]
  0x000000005fa6f000 JavaThread "Exec Stream Pumper" daemon [_thread_in_native, id=25128, stack(0x0000000067cf0000,0x0000000067df0000)]
  0x000000005fa61800 JavaThread "Exec Default Executor" daemon [_thread_in_native, id=28252, stack(0x0000000067bf0000,0x0000000067cf0000)]
  0x000000005fa61000 JavaThread "Exec Stream Pumper" daemon [_thread_in_native, id=5408, stack(0x00000000679f0000,0x0000000067af0000)]
  0x000000005fa66000 JavaThread "Exec Stream Pumper" daemon [_thread_in_native, id=23616, stack(0x00000000678f0000,0x00000000679f0000)]
  0x000000005fa65800 JavaThread "Exec Default Executor" daemon [_thread_in_native, id=26540, stack(0x00000000676f0000,0x00000000677f0000)]
  0x000000005fa64800 JavaThread "Exec Stream Pumper" daemon [_thread_in_native, id=27976, stack(0x00000000675f0000,0x00000000676f0000)]
  0x000000005fa68800 JavaThread "Exec Stream Pumper" daemon [_thread_in_native, id=24736, stack(0x00000000674f0000,0x00000000675f0000)]
  0x000000005fa64000 JavaThread "Exec Default Executor" daemon [_thread_in_native, id=23224, stack(0x00000000673f0000,0x00000000674f0000)]
  0x000000005fa63000 JavaThread "Exec Stream Pumper" daemon [_thread_in_native, id=28532, stack(0x00000000671f0000,0x00000000672f0000)]
  0x000000005fa67000 JavaThread "Exec Stream Pumper" daemon [_thread_in_native, id=30552, stack(0x00000000670f0000,0x00000000671f0000)]
  0x000000005fa62800 JavaThread "Exec Default Executor" daemon [_thread_in_native, id=30232, stack(0x0000000066ff0000,0x00000000670f0000)]
  0x000000005fa5b000 JavaThread "Exec Stream Pumper" daemon [_thread_in_native, id=27268, stack(0x0000000066df0000,0x0000000066ef0000)]
  0x000000005fa60000 JavaThread "Exec Stream Pumper" daemon [_thread_in_native, id=30112, stack(0x0000000066cf0000,0x0000000066df0000)]
  0x000000005fa58800 JavaThread "Exec Default Executor" daemon [_thread_in_native, id=24592, stack(0x0000000066af0000,0x0000000066bf0000)]
  0x000000005fa5a000 JavaThread "Exec Stream Pumper" daemon [_thread_in_native, id=22620, stack(0x00000000669f0000,0x0000000066af0000)]
  0x000000005fa5f800 JavaThread "Exec Stream Pumper" daemon [_thread_in_native, id=27236, stack(0x00000000668f0000,0x00000000669f0000)]
  0x000000005fa5e800 JavaThread "Exec Default Executor" daemon [_thread_in_native, id=22716, stack(0x00000000667f0000,0x00000000668f0000)]
  0x000000005fa5c800 JavaThread "Exec Stream Pumper" daemon [_thread_in_native, id=28596, stack(0x00000000665f0000,0x00000000666f0000)]
  0x000000005fa5d000 JavaThread "Exec Stream Pumper" daemon [_thread_in_native, id=30064, stack(0x00000000664f0000,0x00000000665f0000)]
  0x000000005fa5e000 JavaThread "Exec Default Executor" daemon [_thread_in_native, id=26128, stack(0x00000000663f0000,0x00000000664f0000)]
  0x000000005fa59800 JavaThread "Exec Stream Pumper" daemon [_thread_in_native, id=23340, stack(0x00000000661f0000,0x00000000662f0000)]
  0x000000005fa5b800 JavaThread "Exec Stream Pumper" daemon [_thread_in_native, id=26980, stack(0x00000000660f0000,0x00000000661f0000)]
  0x000000005fa51000 JavaThread "Exec Default Executor" daemon [_thread_in_native, id=26804, stack(0x0000000065ff0000,0x00000000660f0000)]
  0x000000005fa58000 JavaThread "Exec Stream Pumper" daemon [_thread_in_native, id=29316, stack(0x0000000065df0000,0x0000000065ef0000)]
  0x000000005fa57000 JavaThread "Exec Stream Pumper" daemon [_thread_in_native, id=29036, stack(0x0000000065cf0000,0x0000000065df0000)]
  0x000000005fa53800 JavaThread "Exec Default Executor" daemon [_thread_in_native, id=29184, stack(0x0000000065bf0000,0x0000000065cf0000)]
  0x000000005fa52000 JavaThread "Exec Stream Pumper" daemon [_thread_in_native, id=21652, stack(0x00000000659f0000,0x0000000065af0000)]
  0x000000005fa54000 JavaThread "Exec Stream Pumper" daemon [_thread_in_native, id=24656, stack(0x00000000658f0000,0x00000000659f0000)]
  0x000000005fa50800 JavaThread "Exec Default Executor" daemon [_thread_in_native, id=26852, stack(0x00000000657f0000,0x00000000658f0000)]
  0x000000005fa56800 JavaThread "Exec Stream Pumper" daemon [_thread_in_native, id=30560, stack(0x00000000655f0000,0x00000000656f0000)]
  0x000000005fa55000 JavaThread "Exec Stream Pumper" daemon [_thread_in_native, id=30576, stack(0x00000000654f0000,0x00000000655f0000)]
  0x000000005fa52800 JavaThread "Exec Default Executor" daemon [_thread_in_native, id=28068, stack(0x00000000653f0000,0x00000000654f0000)]
  0x000000005fa55800 JavaThread "Exec Stream Pumper" daemon [_thread_in_native, id=28580, stack(0x00000000652f0000,0x00000000653f0000)]
  0x00000000193b3000 JavaThread "Exec Stream Pumper" daemon [_thread_in_native, id=22076, stack(0x00000000651f0000,0x00000000652f0000)]
  0x000000001a377800 JavaThread "Exec Default Executor" daemon [_thread_in_native, id=26404, stack(0x00000000650f0000,0x00000000651f0000)]
  0x000000001a376800 JavaThread "Exec Stream Pumper" daemon [_thread_in_native, id=30120, stack(0x0000000064ef0000,0x0000000064ff0000)]
  0x000000001a376000 JavaThread "Exec Stream Pumper" daemon [_thread_in_native, id=26528, stack(0x0000000064df0000,0x0000000064ef0000)]
  0x000000001a375000 JavaThread "Exec Default Executor" daemon [_thread_in_native, id=30032, stack(0x0000000064cf0000,0x0000000064df0000)]
  0x000000001a374800 JavaThread "Exec Stream Pumper" daemon [_thread_in_native, id=30196, stack(0x0000000064af0000,0x0000000064bf0000)]
  0x000000001a373800 JavaThread "Exec Stream Pumper" daemon [_thread_in_native, id=30192, stack(0x00000000649f0000,0x0000000064af0000)]
  0x000000001a359800 JavaThread "Exec Default Executor" daemon [_thread_in_native, id=30172, stack(0x00000000647f0000,0x00000000648f0000)]
  0x000000001a36c000 JavaThread "Exec Stream Pumper" daemon [_thread_in_native, id=23060, stack(0x00000000646f0000,0x00000000647f0000)]
  0x000000001a373000 JavaThread "Exec Stream Pumper" daemon [_thread_in_native, id=27132, stack(0x00000000645f0000,0x00000000646f0000)]
  0x000000001a36b800 JavaThread "Exec Default Executor" daemon [_thread_in_native, id=21160, stack(0x00000000644f0000,0x00000000645f0000)]
  0x000000001a372000 JavaThread "Exec Stream Pumper" daemon [_thread_in_native, id=27788, stack(0x00000000642f0000,0x00000000643f0000)]
  0x000000001a36d800 JavaThread "Exec Stream Pumper" daemon [_thread_in_native, id=27756, stack(0x00000000641f0000,0x00000000642f0000)]
  0x000000001a36f000 JavaThread "Exec Default Executor" daemon [_thread_in_native, id=27728, stack(0x00000000640f0000,0x00000000641f0000)]
  0x000000001a36a800 JavaThread "Exec Stream Pumper" daemon [_thread_in_native, id=28076, stack(0x0000000063ef0000,0x0000000063ff0000)]
  0x000000001a36e800 JavaThread "Exec Stream Pumper" daemon [_thread_in_native, id=28072, stack(0x0000000063df0000,0x0000000063ef0000)]
  0x000000001a370000 JavaThread "Exec Default Executor" daemon [_thread_in_native, id=28056, stack(0x0000000063cf0000,0x0000000063df0000)]
  0x000000001a370800 JavaThread "Exec Stream Pumper" daemon [_thread_in_native, id=23472, stack(0x0000000063bf0000,0x0000000063cf0000)]
  0x000000001a371800 JavaThread "Exec Stream Pumper" daemon [_thread_in_native, id=25828, stack(0x0000000063af0000,0x0000000063bf0000)]
  0x000000001a363000 JavaThread "Exec Default Executor" daemon [_thread_in_native, id=27276, stack(0x00000000639f0000,0x0000000063af0000)]
  0x000000001a36a000 JavaThread "Exec Stream Pumper" daemon [_thread_in_native, id=27404, stack(0x00000000637f0000,0x00000000638f0000)]
  0x000000001a362800 JavaThread "Exec Stream Pumper" daemon [_thread_in_native, id=632, stack(0x00000000636f0000,0x00000000637f0000)]
  0x000000001a368800 JavaThread "Exec Default Executor" daemon [_thread_in_native, id=25648, stack(0x00000000635f0000,0x00000000636f0000)]
  0x000000001a367800 JavaThread "Exec Stream Pumper" daemon [_thread_in_native, id=22244, stack(0x00000000633f0000,0x00000000634f0000)]
  0x000000001a367000 JavaThread "Exec Stream Pumper" daemon [_thread_in_native, id=27120, stack(0x00000000632f0000,0x00000000633f0000)]
  0x000000001a369000 JavaThread "Exec Default Executor" daemon [_thread_in_native, id=26744, stack(0x00000000631f0000,0x00000000632f0000)]
  0x000000001a366000 JavaThread "Exec Stream Pumper" daemon [_thread_in_native, id=26008, stack(0x00000000630f0000,0x00000000631f0000)]
  0x000000001a365800 JavaThread "Exec Stream Pumper" daemon [_thread_in_native, id=25924, stack(0x0000000062ff0000,0x00000000630f0000)]
  0x000000001a364800 JavaThread "Exec Default Executor" daemon [_thread_in_native, id=25100, stack(0x0000000062ef0000,0x0000000062ff0000)]
  0x000000001a364000 JavaThread "Exec Stream Pumper" daemon [_thread_in_native, id=26644, stack(0x0000000062cf0000,0x0000000062df0000)]
  0x000000001a35b000 JavaThread "Exec Stream Pumper" daemon [_thread_in_native, id=26732, stack(0x0000000062bf0000,0x0000000062cf0000)]
  0x000000001a361800 JavaThread "Exec Default Executor" daemon [_thread_in_native, id=25844, stack(0x0000000062af0000,0x0000000062bf0000)]
  0x000000001a35a000 JavaThread "Exec Stream Pumper" daemon [_thread_in_native, id=25404, stack(0x00000000628f0000,0x00000000629f0000)]
  0x000000001a361000 JavaThread "Exec Stream Pumper" daemon [_thread_in_native, id=26276, stack(0x00000000627f0000,0x00000000628f0000)]
  0x000000001a35e000 JavaThread "Exec Default Executor" daemon [_thread_in_native, id=25108, stack(0x00000000625f0000,0x00000000626f0000)]
  0x000000001a360000 JavaThread "Exec Stream Pumper" daemon [_thread_in_native, id=25824, stack(0x00000000624f0000,0x00000000625f0000)]
  0x000000001a35d000 JavaThread "Exec Stream Pumper" daemon [_thread_in_native, id=23252, stack(0x00000000623f0000,0x00000000624f0000)]
  0x000000001a35f800 JavaThread "Exec Default Executor" daemon [_thread_in_native, id=26152, stack(0x00000000622f0000,0x00000000623f0000)]
  0x000000001a35c800 JavaThread "Exec Stream Pumper" daemon [_thread_in_native, id=20828, stack(0x00000000620f0000,0x00000000621f0000)]
  0x000000001a35e800 JavaThread "Exec Stream Pumper" daemon [_thread_in_native, id=26964, stack(0x0000000061ff0000,0x00000000620f0000)]
  0x000000001a358800 JavaThread "Exec Default Executor" daemon [_thread_in_native, id=26360, stack(0x0000000061ef0000,0x0000000061ff0000)]
  0x000000001a35b800 JavaThread "Exec Stream Pumper" daemon [_thread_in_native, id=27564, stack(0x0000000061cf0000,0x0000000061df0000)]
  0x00000000191bb800 JavaThread "Exec Stream Pumper" daemon [_thread_in_native, id=26772, stack(0x0000000061bf0000,0x0000000061cf0000)]
  0x00000000193a8800 JavaThread "Exec Default Executor" daemon [_thread_in_native, id=27272, stack(0x00000000619f0000,0x0000000061af0000)]
  0x00000000193b2800 JavaThread "Exec Stream Pumper" daemon [_thread_in_native, id=22288, stack(0x0000000057ad0000,0x0000000057bd0000)]
  0x00000000193b1800 JavaThread "Exec Stream Pumper" daemon [_thread_in_native, id=23356, stack(0x00000000579d0000,0x0000000057ad0000)]
  0x00000000193b0800 JavaThread "Exec Default Executor" daemon [_thread_in_native, id=23012, stack(0x00000000578d0000,0x00000000579d0000)]
  0x00000000193a9000 JavaThread "Exec Stream Pumper" daemon [_thread_in_native, id=27348, stack(0x00000000576d0000,0x00000000577d0000)]
  0x00000000193ad800 JavaThread "Exec Stream Pumper" daemon [_thread_in_native, id=27320, stack(0x00000000575d0000,0x00000000576d0000)]
  0x00000000193ad000 JavaThread "Exec Default Executor" daemon [_thread_in_native, id=5048, stack(0x00000000574d0000,0x00000000575d0000)]
  0x00000000193b0000 JavaThread "Exec Stream Pumper" daemon [_thread_in_native, id=24996, stack(0x00000000572d0000,0x00000000573d0000)]
  0x00000000193ac000 JavaThread "Exec Stream Pumper" daemon [_thread_in_native, id=26544, stack(0x00000000571d0000,0x00000000572d0000)]
  0x00000000193ab800 JavaThread "Exec Default Executor" daemon [_thread_in_native, id=24152, stack(0x0000000056fd0000,0x00000000570d0000)]
  0x00000000193ae800 JavaThread "Exec Stream Pumper" daemon [_thread_in_native, id=25640, stack(0x0000000056ed0000,0x0000000056fd0000)]
  0x00000000193aa800 JavaThread "Exec Stream Pumper" daemon [_thread_in_native, id=26548, stack(0x0000000056dd0000,0x0000000056ed0000)]
  0x00000000193aa000 JavaThread "Exec Default Executor" daemon [_thread_in_native, id=25636, stack(0x0000000056cd0000,0x0000000056dd0000)]
  0x00000000193af000 JavaThread "Exec Stream Pumper" daemon [_thread_in_native, id=26688, stack(0x0000000056ad0000,0x0000000056bd0000)]
  0x00000000193a1000 JavaThread "Exec Stream Pumper" daemon [_thread_in_native, id=26640, stack(0x00000000569d0000,0x0000000056ad0000)]
  0x00000000193a7800 JavaThread "Exec Default Executor" daemon [_thread_in_native, id=26264, stack(0x00000000568d0000,0x00000000569d0000)]
  0x00000000193a7000 JavaThread "Exec Stream Pumper" daemon [_thread_in_native, id=27044, stack(0x00000000566d0000,0x00000000567d0000)]
  0x00000000193a6000 JavaThread "Exec Stream Pumper" daemon [_thread_in_native, id=27040, stack(0x00000000565d0000,0x00000000566d0000)]
  0x00000000193a2800 JavaThread "Exec Default Executor" daemon [_thread_in_native, id=27020, stack(0x00000000564d0000,0x00000000565d0000)]
  0x000000001939e800 JavaThread "Exec Stream Pumper" daemon [_thread_in_native, id=26452, stack(0x00000000563d0000,0x00000000564d0000)]
  0x00000000193a4800 JavaThread "Exec Stream Pumper" daemon [_thread_in_native, id=26112, stack(0x00000000562d0000,0x00000000563d0000)]
  0x00000000193a3000 JavaThread "Exec Default Executor" daemon [_thread_in_native, id=24584, stack(0x00000000561d0000,0x00000000562d0000)]
  0x00000000193a5800 JavaThread "Exec Stream Pumper" daemon [_thread_in_native, id=25500, stack(0x0000000055fd0000,0x00000000560d0000)]
  0x00000000193a1800 JavaThread "Exec Stream Pumper" daemon [_thread_in_native, id=22976, stack(0x0000000055ed0000,0x0000000055fd0000)]
  0x00000000193a0000 JavaThread "Exec Default Executor" daemon [_thread_in_native, id=16312, stack(0x0000000055dd0000,0x0000000055ed0000)]
  0x00000000193a4000 JavaThread "Exec Stream Pumper" daemon [_thread_in_native, id=25872, stack(0x0000000055bd0000,0x0000000055cd0000)]
  0x000000001939e000 JavaThread "Exec Stream Pumper" daemon [_thread_in_native, id=25624, stack(0x0000000055ad0000,0x0000000055bd0000)]
  0x000000001939f800 JavaThread "Exec Default Executor" daemon [_thread_in_native, id=25632, stack(0x00000000559d0000,0x0000000055ad0000)]
  0x0000000019396800 JavaThread "Exec Stream Pumper" daemon [_thread_in_native, id=24332, stack(0x00000000558d0000,0x00000000559d0000)]
  0x000000001939d000 JavaThread "Exec Stream Pumper" daemon [_thread_in_native, id=26576, stack(0x00000000557d0000,0x00000000558d0000)]
  0x000000001939c800 JavaThread "Exec Default Executor" daemon [_thread_in_native, id=26372, stack(0x00000000556d0000,0x00000000557d0000)]
  0x0000000019395000 JavaThread "Exec Stream Pumper" daemon [_thread_in_native, id=24516, stack(0x00000000554d0000,0x00000000555d0000)]
  0x0000000019397000 JavaThread "Exec Stream Pumper" daemon [_thread_in_native, id=25556, stack(0x00000000553d0000,0x00000000554d0000)]
  0x0000000019395800 JavaThread "Exec Default Executor" daemon [_thread_in_native, id=22792, stack(0x00000000552d0000,0x00000000553d0000)]
  0x000000001939b800 JavaThread "Exec Stream Pumper" daemon [_thread_in_native, id=25104, stack(0x00000000550d0000,0x00000000551d0000)]
  0x000000001939b000 JavaThread "Exec Stream Pumper" daemon [_thread_in_native, id=23116, stack(0x0000000054fd0000,0x00000000550d0000)]
  0x0000000019398800 JavaThread "Exec Default Executor" daemon [_thread_in_native, id=22072, stack(0x0000000054ed0000,0x0000000054fd0000)]
  0x0000000019399800 JavaThread "Exec Stream Pumper" daemon [_thread_in_native, id=23368, stack(0x0000000054dd0000,0x0000000054ed0000)]
  0x0000000019398000 JavaThread "Exec Stream Pumper" daemon [_thread_in_native, id=26284, stack(0x0000000054cd0000,0x0000000054dd0000)]
  0x0000000019394000 JavaThread "Exec Default Executor" daemon [_thread_in_native, id=23076, stack(0x0000000054bd0000,0x0000000054cd0000)]
  0x000000001939a000 JavaThread "Exec Stream Pumper" daemon [_thread_in_native, id=6052, stack(0x00000000549d0000,0x0000000054ad0000)]
  0x0000000017bb2800 JavaThread "Exec Stream Pumper" daemon [_thread_in_native, id=26052, stack(0x00000000548d0000,0x00000000549d0000)]
  0x00000000191c7800 JavaThread "Exec Default Executor" daemon [_thread_in_native, id=25832, stack(0x00000000547d0000,0x00000000548d0000)]
  0x00000000191ca800 JavaThread "Exec Stream Pumper" daemon [_thread_in_native, id=22896, stack(0x00000000545d0000,0x00000000546d0000)]
  0x00000000191c6800 JavaThread "Exec Stream Pumper" daemon [_thread_in_native, id=24196, stack(0x00000000544d0000,0x00000000545d0000)]
  0x00000000191c9800 JavaThread "Exec Default Executor" daemon [_thread_in_native, id=24336, stack(0x00000000543d0000,0x00000000544d0000)]
  0x00000000191c6000 JavaThread "Exec Stream Pumper" daemon [_thread_in_native, id=24740, stack(0x00000000542d0000,0x00000000543d0000)]
  0x00000000191c9000 JavaThread "Exec Stream Pumper" daemon [_thread_in_native, id=22920, stack(0x00000000541d0000,0x00000000542d0000)]
  0x00000000191c8000 JavaThread "Exec Default Executor" daemon [_thread_in_native, id=18388, stack(0x00000000540d0000,0x00000000541d0000)]
  0x00000000191c5000 JavaThread "Exec Stream Pumper" daemon [_thread_in_native, id=25956, stack(0x0000000053ed0000,0x0000000053fd0000)]
  0x00000000191c4800 JavaThread "Exec Stream Pumper" daemon [_thread_in_native, id=25952, stack(0x0000000053dd0000,0x0000000053ed0000)]
  0x00000000191bd000 JavaThread "Exec Default Executor" daemon [_thread_in_native, id=21860, stack(0x0000000053cd0000,0x0000000053dd0000)]
  0x00000000191c0800 JavaThread "Exec Stream Pumper" daemon [_thread_in_native, id=26160, stack(0x0000000053ad0000,0x0000000053bd0000)]
  0x00000000191c3800 JavaThread "Exec Stream Pumper" daemon [_thread_in_native, id=26156, stack(0x00000000539d0000,0x0000000053ad0000)]
  0x00000000191bd800 JavaThread "Exec Default Executor" daemon [_thread_in_native, id=26140, stack(0x00000000538d0000,0x00000000539d0000)]
  0x00000000191c3000 JavaThread "Exec Stream Pumper" daemon [_thread_in_native, id=23952, stack(0x00000000537d0000,0x00000000538d0000)]
  0x00000000191c0000 JavaThread "Exec Stream Pumper" daemon [_thread_in_native, id=25132, stack(0x00000000536d0000,0x00000000537d0000)]
  0x00000000191c2000 JavaThread "Exec Default Executor" daemon [_thread_in_native, id=22180, stack(0x00000000535d0000,0x00000000536d0000)]
  0x00000000191bc000 JavaThread "Exec Stream Pumper" daemon [_thread_in_native, id=23928, stack(0x00000000533d0000,0x00000000534d0000)]
  0x00000000191be800 JavaThread "Exec Stream Pumper" daemon [_thread_in_native, id=23236, stack(0x00000000532d0000,0x00000000533d0000)]
  0x00000000191c1800 JavaThread "Exec Default Executor" daemon [_thread_in_native, id=24468, stack(0x00000000531d0000,0x00000000532d0000)]
  0x00000000191bf000 JavaThread "Exec Stream Pumper" daemon [_thread_in_native, id=24444, stack(0x0000000052fd0000,0x00000000530d0000)]
  0x00000000191b4800 JavaThread "Exec Stream Pumper" daemon [_thread_in_native, id=23872, stack(0x0000000052ed0000,0x0000000052fd0000)]
  0x00000000191ad000 JavaThread "Exec Default Executor" daemon [_thread_in_native, id=23652, stack(0x0000000052bf0000,0x0000000052cf0000)]
  0x00000000191ba800 JavaThread "Exec Stream Pumper" daemon [_thread_in_native, id=24148, stack(0x0000000052af0000,0x0000000052bf0000)]
  0x00000000191b6000 JavaThread "Exec Stream Pumper" daemon [_thread_in_native, id=23260, stack(0x00000000529f0000,0x0000000052af0000)]
  0x00000000191ba000 JavaThread "Exec Default Executor" daemon [_thread_in_native, id=25424, stack(0x00000000528f0000,0x00000000529f0000)]
  0x00000000191b9000 JavaThread "Exec Stream Pumper" daemon [_thread_in_native, id=24764, stack(0x00000000526f0000,0x00000000527f0000)]
  0x00000000191b8800 JavaThread "Exec Stream Pumper" daemon [_thread_in_native, id=22132, stack(0x00000000525f0000,0x00000000526f0000)]
  0x00000000191b5800 JavaThread "Exec Default Executor" daemon [_thread_in_native, id=23912, stack(0x00000000524f0000,0x00000000525f0000)]
  0x00000000191b7800 JavaThread "Exec Stream Pumper" daemon [_thread_in_native, id=3292, stack(0x00000000522f0000,0x00000000523f0000)]
  0x00000000191b7000 JavaThread "Exec Stream Pumper" daemon [_thread_in_native, id=15828, stack(0x00000000521f0000,0x00000000522f0000)]
  0x00000000191b3800 JavaThread "Exec Default Executor" daemon [_thread_in_native, id=24432, stack(0x0000000051ff0000,0x00000000520f0000)]
  0x00000000191b3000 JavaThread "Exec Stream Pumper" daemon [_thread_in_native, id=25532, stack(0x0000000051ef0000,0x0000000051ff0000)]
  0x00000000191b0000 JavaThread "Exec Stream Pumper" daemon [_thread_in_native, id=24924, stack(0x0000000051df0000,0x0000000051ef0000)]
  0x00000000191ae800 JavaThread "Exec Default Executor" daemon [_thread_in_native, id=25524, stack(0x0000000051cf0000,0x0000000051df0000)]
  0x00000000191b2000 JavaThread "Exec Stream Pumper" daemon [_thread_in_native, id=24692, stack(0x0000000051990000,0x0000000051a90000)]
  0x00000000191ad800 JavaThread "Exec Stream Pumper" daemon [_thread_in_native, id=23324, stack(0x0000000051890000,0x0000000051990000)]
  0x00000000191ab800 JavaThread "Exec Default Executor" daemon [_thread_in_native, id=23496, stack(0x0000000051790000,0x0000000051890000)]
  0x00000000191af000 JavaThread "Exec Stream Pumper" daemon [_thread_in_native, id=22188, stack(0x0000000051500000,0x0000000051600000)]
  0x00000000191b1800 JavaThread "Exec Stream Pumper" daemon [_thread_in_native, id=25004, stack(0x0000000051400000,0x0000000051500000)]
  0x00000000191ac000 JavaThread "Exec Default Executor" daemon [_thread_in_native, id=25304, stack(0x0000000050900000,0x0000000050a00000)]
  0x00000000191b0800 JavaThread "Exec Stream Pumper" daemon [_thread_in_native, id=21908, stack(0x0000000050800000,0x0000000050900000)]
  0x0000000017bcf000 JavaThread "Exec Stream Pumper" daemon [_thread_in_native, id=24260, stack(0x0000000050700000,0x0000000050800000)]
  0x0000000030f4e800 JavaThread "Exec Default Executor" daemon [_thread_in_native, id=24120, stack(0x0000000050600000,0x0000000050700000)]
  0x0000000030f4d800 JavaThread "Exec Stream Pumper" daemon [_thread_in_native, id=25204, stack(0x0000000050400000,0x0000000050500000)]
  0x000000001a7f8800 JavaThread "Exec Stream Pumper" daemon [_thread_in_native, id=25184, stack(0x0000000050300000,0x0000000050400000)]
  0x000000001a7fc800 JavaThread "Exec Default Executor" daemon [_thread_in_native, id=23192, stack(0x0000000050200000,0x0000000050300000)]
  0x000000001a7fb800 JavaThread "Exec Stream Pumper" daemon [_thread_in_native, id=25324, stack(0x0000000050000000,0x0000000050100000)]
  0x000000001a7fb000 JavaThread "Exec Stream Pumper" daemon [_thread_in_native, id=25320, stack(0x000000004ff00000,0x0000000050000000)]
  0x000000001a7f9800 JavaThread "Exec Default Executor" daemon [_thread_in_native, id=25124, stack(0x000000004fe00000,0x000000004ff00000)]
  0x000000001a7f8000 JavaThread "Exec Stream Pumper" daemon [_thread_in_native, id=24224, stack(0x000000004fd00000,0x000000004fe00000)]
  0x000000001a7fa000 JavaThread "Exec Stream Pumper" daemon [_thread_in_native, id=22428, stack(0x000000004fc00000,0x000000004fd00000)]
  0x000000001a7f0800 JavaThread "Exec Default Executor" daemon [_thread_in_native, id=22232, stack(0x000000004fb00000,0x000000004fc00000)]
  0x000000001a7f5800 JavaThread "Exec Stream Pumper" daemon [_thread_in_native, id=25588, stack(0x000000004f900000,0x000000004fa00000)]
  0x000000001a7f5000 JavaThread "Exec Stream Pumper" daemon [_thread_in_native, id=25584, stack(0x000000004f800000,0x000000004f900000)]
  0x000000001a7f7000 JavaThread "Exec Default Executor" daemon [_thread_in_native, id=25568, stack(0x000000004f700000,0x000000004f800000)]
  0x000000001a7f6800 JavaThread "Exec Stream Pumper" daemon [_thread_in_native, id=24848, stack(0x000000004f500000,0x000000004f600000)]
  0x000000001a7f3800 JavaThread "Exec Stream Pumper" daemon [_thread_in_native, id=24844, stack(0x000000004f400000,0x000000004f500000)]
  0x000000001a7f2800 JavaThread "Exec Default Executor" daemon [_thread_in_native, id=24828, stack(0x000000004f300000,0x000000004f400000)]
  0x000000001a7f4000 JavaThread "Exec Stream Pumper" daemon [_thread_in_native, id=21960, stack(0x000000004f200000,0x000000004f300000)]
  0x000000001a7ef800 JavaThread "Exec Stream Pumper" daemon [_thread_in_native, id=22140, stack(0x000000004f100000,0x000000004f200000)]
  0x000000001a7f2000 JavaThread "Exec Default Executor" daemon [_thread_in_native, id=24232, stack(0x000000004f000000,0x000000004f100000)]
  0x000000001a7f1000 JavaThread "Exec Stream Pumper" daemon [_thread_in_native, id=10552, stack(0x000000004ee00000,0x000000004ef00000)]
  0x000000001a7e8000 JavaThread "Exec Stream Pumper" daemon [_thread_in_native, id=22916, stack(0x000000004ed00000,0x000000004ee00000)]
  0x000000001a7ef000 JavaThread "Exec Default Executor" daemon [_thread_in_native, id=22196, stack(0x000000004ec00000,0x000000004ed00000)]
  0x000000001a7e7800 JavaThread "Exec Stream Pumper" daemon [_thread_in_native, id=21508, stack(0x000000004ea00000,0x000000004eb00000)]
  0x000000001a7ed800 JavaThread "Exec Stream Pumper" daemon [_thread_in_native, id=24428, stack(0x000000004e900000,0x000000004ea00000)]
  0x000000001a7ec800 JavaThread "Exec Default Executor" daemon [_thread_in_native, id=23580, stack(0x000000004e800000,0x000000004e900000)]
  0x000000001a7eb000 JavaThread "Exec Stream Pumper" daemon [_thread_in_native, id=24012, stack(0x000000004e460000,0x000000004e560000)]
  0x000000001a7ea800 JavaThread "Exec Stream Pumper" daemon [_thread_in_native, id=24016, stack(0x000000004e360000,0x000000004e460000)]
  0x000000001a7e9800 JavaThread "Exec Default Executor" daemon [_thread_in_native, id=24184, stack(0x000000004e260000,0x000000004e360000)]
  0x000000001a7e9000 JavaThread "Exec Stream Pumper" daemon [_thread_in_native, id=24300, stack(0x000000004e060000,0x000000004e160000)]
  0x000000001a7ee000 JavaThread "Exec Stream Pumper" daemon [_thread_in_native, id=24284, stack(0x000000004df60000,0x000000004e060000)]
  0x000000001a7df800 JavaThread "Exec Default Executor" daemon [_thread_in_native, id=23036, stack(0x000000004de60000,0x000000004df60000)]
  0x000000001a7e6800 JavaThread "Exec Stream Pumper" daemon [_thread_in_native, id=24484, stack(0x000000004dc60000,0x000000004dd60000)]
  0x000000001a7e0800 JavaThread "Exec Stream Pumper" daemon [_thread_in_native, id=24476, stack(0x000000004db60000,0x000000004dc60000)]
  0x000000001a7df000 JavaThread "Exec Default Executor" daemon [_thread_in_native, id=24420, stack(0x000000004da60000,0x000000004db60000)]
  0x000000001a7e5800 JavaThread "Exec Stream Pumper" daemon [_thread_in_native, id=24380, stack(0x000000004d960000,0x000000004da60000)]
  0x000000001a7de000 JavaThread "Exec Stream Pumper" daemon [_thread_in_native, id=24364, stack(0x000000004d860000,0x000000004d960000)]
  0x000000001a7e2800 JavaThread "Exec Default Executor" daemon [_thread_in_native, id=24372, stack(0x000000004d760000,0x000000004d860000)]
  0x000000001a7e2000 JavaThread "Exec Stream Pumper" daemon [_thread_in_native, id=22824, stack(0x000000004d560000,0x000000004d660000)]
  0x000000001a7e3800 JavaThread "Exec Stream Pumper" daemon [_thread_in_native, id=14272, stack(0x000000004d460000,0x000000004d560000)]
  0x000000001a7e5000 JavaThread "Exec Default Executor" daemon [_thread_in_native, id=22700, stack(0x000000004d360000,0x000000004d460000)]
  0x000000001a7dd800 JavaThread "Exec Stream Pumper" daemon [_thread_in_native, id=23756, stack(0x000000004d260000,0x000000004d360000)]
  0x000000001a7e4000 JavaThread "Exec Stream Pumper" daemon [_thread_in_native, id=21280, stack(0x000000004d160000,0x000000004d260000)]
  0x000000001a7e1000 JavaThread "Exec Default Executor" daemon [_thread_in_native, id=11580, stack(0x000000004d060000,0x000000004d160000)]
  0x0000000018944800 JavaThread "Exec Stream Pumper" daemon [_thread_in_native, id=23436, stack(0x000000004cd60000,0x000000004ce60000)]
  0x0000000017bcd800 JavaThread "Exec Stream Pumper" daemon [_thread_in_native, id=23764, stack(0x000000004cc60000,0x000000004cd60000)]
  0x0000000030f4f000 JavaThread "Exec Default Executor" daemon [_thread_in_native, id=14740, stack(0x000000004cb60000,0x000000004cc60000)]
  0x0000000017bce000 JavaThread "Exec Stream Pumper" daemon [_thread_in_native, id=23620, stack(0x000000004c560000,0x000000004c660000)]
  0x0000000017bba000 JavaThread "Exec Stream Pumper" daemon [_thread_in_native, id=23608, stack(0x000000004c460000,0x000000004c560000)]
  0x0000000017bbd000 JavaThread "Exec Default Executor" daemon [_thread_in_native, id=23532, stack(0x000000004c360000,0x000000004c460000)]
  0x0000000017bcb000 JavaThread "Exec Stream Pumper" daemon [_thread_in_native, id=22472, stack(0x000000004b960000,0x000000004ba60000)]
  0x0000000017bc9800 JavaThread "Exec Stream Pumper" daemon [_thread_in_native, id=21072, stack(0x000000004b860000,0x000000004b960000)]
  0x0000000017bc6800 JavaThread "Exec Default Executor" daemon [_thread_in_native, id=22868, stack(0x000000004b760000,0x000000004b860000)]
  0x0000000017bcc000 JavaThread "Exec Stream Pumper" daemon [_thread_in_native, id=22616, stack(0x000000004b160000,0x000000004b260000)]
  0x0000000017bc2000 JavaThread "Exec Stream Pumper" daemon [_thread_in_native, id=22448, stack(0x000000004b060000,0x000000004b160000)]
  0x0000000017bc9000 JavaThread "Exec Default Executor" daemon [_thread_in_native, id=22712, stack(0x000000004af60000,0x000000004b060000)]
  0x0000000017bc8000 JavaThread "Exec Stream Pumper" daemon [_thread_in_native, id=22332, stack(0x000000004a960000,0x000000004aa60000)]
  0x0000000017bca800 JavaThread "Exec Stream Pumper" daemon [_thread_in_native, id=22644, stack(0x000000004a860000,0x000000004a960000)]
  0x0000000017bcc800 JavaThread "Exec Default Executor" daemon [_thread_in_native, id=23148, stack(0x000000004a760000,0x000000004a860000)]
  0x0000000017bc7800 JavaThread "Exec Stream Pumper" daemon [_thread_in_native, id=22928, stack(0x000000004a160000,0x000000004a260000)]
  0x0000000017bc5000 JavaThread "Exec Stream Pumper" daemon [_thread_in_native, id=5224, stack(0x000000004a060000,0x000000004a160000)]
  0x0000000017bc6000 JavaThread "Exec Default Executor" daemon [_thread_in_native, id=22336, stack(0x0000000049f60000,0x000000004a060000)]
  0x0000000017bbd800 JavaThread "Exec Stream Pumper" daemon [_thread_in_native, id=13664, stack(0x0000000049560000,0x0000000049660000)]
  0x0000000017bc4800 JavaThread "Exec Stream Pumper" daemon [_thread_in_native, id=22724, stack(0x0000000049460000,0x0000000049560000)]
  0x0000000017bbe800 JavaThread "Exec Default Executor" daemon [_thread_in_native, id=22416, stack(0x0000000049360000,0x0000000049460000)]
  0x0000000017bc3800 JavaThread "Exec Stream Pumper" daemon [_thread_in_native, id=21264, stack(0x0000000048d60000,0x0000000048e60000)]
  0x0000000017bc3000 JavaThread "Exec Stream Pumper" daemon [_thread_in_native, id=6432, stack(0x0000000048c60000,0x0000000048d60000)]
  0x0000000017bc1800 JavaThread "Exec Default Executor" daemon [_thread_in_native, id=20796, stack(0x0000000048b60000,0x0000000048c60000)]
  0x0000000017bc0800 JavaThread "Exec Stream Pumper" daemon [_thread_in_native, id=20776, stack(0x0000000048060000,0x0000000048160000)]
  0x0000000017bbf000 JavaThread "Exec Stream Pumper" daemon [_thread_in_native, id=15692, stack(0x0000000047f60000,0x0000000048060000)]
  0x0000000017bc0000 JavaThread "Exec Default Executor" daemon [_thread_in_native, id=21540, stack(0x0000000047e60000,0x0000000047f60000)]
  0x0000000017bbc000 JavaThread "Exec Stream Pumper" daemon [_thread_in_native, id=12124, stack(0x0000000047860000,0x0000000047960000)]
  0x0000000017bb4800 JavaThread "Exec Stream Pumper" daemon [_thread_in_native, id=15584, stack(0x0000000047760000,0x0000000047860000)]
  0x0000000017bbb800 JavaThread "Exec Default Executor" daemon [_thread_in_native, id=15172, stack(0x0000000047660000,0x0000000047760000)]
  0x0000000017bba800 JavaThread "Exec Stream Pumper" daemon [_thread_in_native, id=19724, stack(0x0000000047460000,0x0000000047560000)]
  0x0000000017bb9000 JavaThread "Exec Stream Pumper" daemon [_thread_in_native, id=16892, stack(0x0000000047360000,0x0000000047460000)]
  0x0000000017bb8800 JavaThread "Exec Default Executor" daemon [_thread_in_native, id=15496, stack(0x0000000047260000,0x0000000047360000)]
  0x0000000017bb1000 JavaThread "Exec Stream Pumper" daemon [_thread_in_native, id=21096, stack(0x0000000047060000,0x0000000047160000)]
  0x0000000017bb4000 JavaThread "Exec Stream Pumper" daemon [_thread_in_native, id=7444, stack(0x0000000046f60000,0x0000000047060000)]
  0x0000000017bb6000 JavaThread "Exec Default Executor" daemon [_thread_in_native, id=21320, stack(0x0000000046e60000,0x0000000046f60000)]
  0x0000000017bb5800 JavaThread "Exec Stream Pumper" daemon [_thread_in_native, id=21284, stack(0x0000000046760000,0x0000000046860000)]
  0x0000000017bb1800 JavaThread "Exec Stream Pumper" daemon [_thread_in_native, id=21192, stack(0x0000000046660000,0x0000000046760000)]
  0x0000000017bb7800 JavaThread "Exec Default Executor" daemon [_thread_in_native, id=21372, stack(0x0000000046560000,0x0000000046660000)]
  0x0000000017bb3000 JavaThread "Exec Stream Pumper" daemon [_thread_in_native, id=11960, stack(0x0000000045b60000,0x0000000045c60000)]
  0x0000000017bb0000 JavaThread "Exec Stream Pumper" daemon [_thread_in_native, id=11376, stack(0x0000000045a60000,0x0000000045b60000)]
  0x0000000017bb7000 JavaThread "Exec Default Executor" daemon [_thread_in_native, id=14140, stack(0x0000000045960000,0x0000000045a60000)]
  0x0000000018950000 JavaThread "Exec Stream Pumper" daemon [_thread_in_native, id=12508, stack(0x0000000045360000,0x0000000045460000)]
  0x0000000018948800 JavaThread "Exec Stream Pumper" daemon [_thread_in_native, id=17336, stack(0x0000000045260000,0x0000000045360000)]
  0x0000000030f4b800 JavaThread "Exec Default Executor" daemon [_thread_in_native, id=6944, stack(0x0000000045160000,0x0000000045260000)]
  0x0000000018944000 JavaThread "Exec Stream Pumper" daemon [_thread_in_native, id=21144, stack(0x0000000044760000,0x0000000044860000)]
  0x0000000030f59800 JavaThread "Exec Stream Pumper" daemon [_thread_in_native, id=20792, stack(0x0000000044660000,0x0000000044760000)]
  0x0000000030f5a800 JavaThread "Exec Default Executor" daemon [_thread_in_native, id=10908, stack(0x0000000044560000,0x0000000044660000)]
  0x0000000030f57800 JavaThread "Exec Stream Pumper" daemon [_thread_in_native, id=5632, stack(0x0000000043f60000,0x0000000044060000)]
  0x0000000030f58000 JavaThread "Exec Stream Pumper" daemon [_thread_in_native, id=14940, stack(0x0000000043e60000,0x0000000043f60000)]
  0x0000000030f55000 JavaThread "Exec Default Executor" daemon [_thread_in_native, id=20912, stack(0x0000000043d60000,0x0000000043e60000)]
  0x0000000030f59000 JavaThread "Exec Stream Pumper" daemon [_thread_in_native, id=13452, stack(0x0000000043260000,0x0000000043360000)]
  0x0000000030f56000 JavaThread "Exec Stream Pumper" daemon [_thread_in_native, id=7004, stack(0x0000000043160000,0x0000000043260000)]
  0x0000000030f56800 JavaThread "Exec Default Executor" daemon [_thread_in_native, id=20076, stack(0x0000000043060000,0x0000000043160000)]
  0x0000000030f54800 JavaThread "Exec Stream Pumper" daemon [_thread_in_native, id=21152, stack(0x0000000042660000,0x0000000042760000)]
  0x0000000030f4d000 JavaThread "Exec Stream Pumper" daemon [_thread_in_native, id=19948, stack(0x0000000042560000,0x0000000042660000)]
  0x0000000030f53800 JavaThread "Exec Default Executor" daemon [_thread_in_native, id=20492, stack(0x0000000042460000,0x0000000042560000)]
  0x0000000030f4c000 JavaThread "Exec Stream Pumper" daemon [_thread_in_native, id=6040, stack(0x0000000041f60000,0x0000000042060000)]
  0x0000000030f53000 JavaThread "Exec Stream Pumper" daemon [_thread_in_native, id=13296, stack(0x0000000041e60000,0x0000000041f60000)]
  0x0000000030f52000 JavaThread "Exec Default Executor" daemon [_thread_in_native, id=11332, stack(0x0000000041d60000,0x0000000041e60000)]
  0x0000000030f51800 JavaThread "Exec Stream Pumper" daemon [_thread_in_native, id=6080, stack(0x0000000041860000,0x0000000041960000)]
  0x0000000030f50800 JavaThread "Exec Stream Pumper" daemon [_thread_in_native, id=20128, stack(0x0000000041760000,0x0000000041860000)]
  0x0000000030f50000 JavaThread "Exec Default Executor" daemon [_thread_in_native, id=11696, stack(0x0000000041660000,0x0000000041760000)]
  0x0000000019182000 JavaThread "Exec Stream Pumper" daemon [_thread_in_native, id=3364, stack(0x0000000041160000,0x0000000041260000)]
  0x0000000017d0f000 JavaThread "Exec Stream Pumper" daemon [_thread_in_native, id=10640, stack(0x0000000041060000,0x0000000041160000)]
  0x0000000018fa1800 JavaThread "Exec Default Executor" daemon [_thread_in_native, id=21488, stack(0x0000000040f60000,0x0000000041060000)]
  0x0000000018fa0000 JavaThread "Exec Stream Pumper" daemon [_thread_in_native, id=7940, stack(0x0000000040a60000,0x0000000040b60000)]
  0x000000001894e000 JavaThread "Exec Stream Pumper" daemon [_thread_in_native, id=5064, stack(0x0000000040960000,0x0000000040a60000)]
  0x000000001894b800 JavaThread "Exec Default Executor" daemon [_thread_in_native, id=8784, stack(0x0000000040860000,0x0000000040960000)]
  0x0000000018949000 JavaThread "Exec Stream Pumper" daemon [_thread_in_native, id=17832, stack(0x0000000040360000,0x0000000040460000)]
  0x000000001894d000 JavaThread "Exec Stream Pumper" daemon [_thread_in_native, id=17388, stack(0x0000000040260000,0x0000000040360000)]
  0x000000001894c800 JavaThread "Exec Default Executor" daemon [_thread_in_native, id=16164, stack(0x0000000040160000,0x0000000040260000)]
  0x000000001894e800 JavaThread "Exec Stream Pumper" daemon [_thread_in_native, id=16416, stack(0x000000003fc60000,0x000000003fd60000)]
  0x000000001894f800 JavaThread "Exec Stream Pumper" daemon [_thread_in_native, id=5240, stack(0x000000003fb60000,0x000000003fc60000)]
  0x0000000018941000 JavaThread "Exec Default Executor" daemon [_thread_in_native, id=15404, stack(0x000000003fa60000,0x000000003fb60000)]
  0x000000001894b000 JavaThread "Exec Stream Pumper" daemon [_thread_in_native, id=4208, stack(0x000000003f460000,0x000000003f560000)]
  0x000000001894a000 JavaThread "Exec Stream Pumper" daemon [_thread_in_native, id=13568, stack(0x000000003f360000,0x000000003f460000)]
  0x0000000018942800 JavaThread "Exec Default Executor" daemon [_thread_in_native, id=11520, stack(0x000000003f260000,0x000000003f360000)]
  0x0000000018947800 JavaThread "Exec Stream Pumper" daemon [_thread_in_native, id=9456, stack(0x000000003e760000,0x000000003e860000)]
  0x0000000018947000 JavaThread "Exec Stream Pumper" daemon [_thread_in_native, id=8244, stack(0x000000003e660000,0x000000003e760000)]
  0x0000000018946000 JavaThread "Exec Default Executor" daemon [_thread_in_native, id=3196, stack(0x000000003e560000,0x000000003e660000)]
  0x0000000018941800 JavaThread "Exec Stream Pumper" daemon [_thread_in_native, id=17900, stack(0x000000003e060000,0x000000003e160000)]
  0x0000000018945800 JavaThread "Exec Stream Pumper" daemon [_thread_in_native, id=13164, stack(0x000000003df60000,0x000000003e060000)]
  0x0000000018943000 JavaThread "Exec Default Executor" daemon [_thread_in_native, id=9176, stack(0x000000003de60000,0x000000003df60000)]
  0x0000000017891800 JavaThread "Exec Stream Pumper" daemon [_thread_in_native, id=19660, stack(0x000000003d960000,0x000000003da60000)]
  0x0000000017d0e000 JavaThread "Exec Stream Pumper" daemon [_thread_in_native, id=11768, stack(0x000000003d860000,0x000000003d960000)]
  0x0000000018faa800 JavaThread "Exec Default Executor" daemon [_thread_in_native, id=1496, stack(0x000000003d760000,0x000000003d860000)]
  0x0000000018fad800 JavaThread "Exec Stream Pumper" daemon [_thread_in_native, id=9532, stack(0x000000003d260000,0x000000003d360000)]
  0x0000000018fa5000 JavaThread "Exec Stream Pumper" daemon [_thread_in_native, id=6280, stack(0x000000003d160000,0x000000003d260000)]
  0x0000000018fac000 JavaThread "Exec Default Executor" daemon [_thread_in_native, id=4116, stack(0x000000003d060000,0x000000003d160000)]
  0x0000000018fae800 JavaThread "Exec Stream Pumper" daemon [_thread_in_native, id=640, stack(0x000000003cb60000,0x000000003cc60000)]
  0x0000000018fad000 JavaThread "Exec Stream Pumper" daemon [_thread_in_native, id=17868, stack(0x000000003ca60000,0x000000003cb60000)]
  0x0000000018faa000 JavaThread "Exec Default Executor" daemon [_thread_in_native, id=5704, stack(0x000000003c960000,0x000000003ca60000)]
  0x0000000018fa9000 JavaThread "Exec Stream Pumper" daemon [_thread_in_native, id=20240, stack(0x000000003c460000,0x000000003c560000)]
  0x0000000018fa8800 JavaThread "Exec Stream Pumper" daemon [_thread_in_native, id=12264, stack(0x000000003c360000,0x000000003c460000)]
  0x0000000018fab800 JavaThread "Exec Default Executor" daemon [_thread_in_native, id=18900, stack(0x000000003c260000,0x000000003c360000)]
  0x0000000018fa2000 JavaThread "Exec Stream Pumper" daemon [_thread_in_native, id=11652, stack(0x000000003bd60000,0x000000003be60000)]
  0x0000000018fa0800 JavaThread "Exec Stream Pumper" daemon [_thread_in_native, id=20108, stack(0x000000003bc60000,0x000000003bd60000)]
  0x0000000018fa7000 JavaThread "Exec Default Executor" daemon [_thread_in_native, id=2856, stack(0x000000003bb60000,0x000000003bc60000)]
  0x0000000018fa6000 JavaThread "Exec Stream Pumper" daemon [_thread_in_native, id=11568, stack(0x000000003b660000,0x000000003b760000)]
  0x0000000018fa3800 JavaThread "Exec Stream Pumper" daemon [_thread_in_native, id=4344, stack(0x000000003b560000,0x000000003b660000)]
  0x0000000018fa3000 JavaThread "Exec Default Executor" daemon [_thread_in_native, id=14368, stack(0x000000003b460000,0x000000003b560000)]
  0x0000000018fa4800 JavaThread "Exec Stream Pumper" daemon [_thread_in_native, id=10408, stack(0x000000003af60000,0x000000003b060000)]
  0x0000000018fa7800 JavaThread "Exec Stream Pumper" daemon [_thread_in_native, id=15908, stack(0x000000003ae60000,0x000000003af60000)]
  0x0000000018f9f000 JavaThread "Exec Default Executor" daemon [_thread_in_native, id=9708, stack(0x000000003ad60000,0x000000003ae60000)]
  0x0000000019186800 JavaThread "Exec Stream Pumper" daemon [_thread_in_native, id=1304, stack(0x000000003a460000,0x000000003a560000)]
  0x0000000017894000 JavaThread "Exec Stream Pumper" daemon [_thread_in_native, id=8376, stack(0x000000003a360000,0x000000003a460000)]
  0x0000000017d16800 JavaThread "Exec Default Executor" daemon [_thread_in_native, id=188, stack(0x000000003a260000,0x000000003a360000)]
  0x0000000017d13000 JavaThread "Exec Stream Pumper" daemon [_thread_in_native, id=1488, stack(0x0000000039d60000,0x0000000039e60000)]
  0x0000000017d16000 JavaThread "Exec Stream Pumper" daemon [_thread_in_native, id=648, stack(0x0000000039c60000,0x0000000039d60000)]
  0x0000000017d17800 JavaThread "Exec Default Executor" daemon [_thread_in_native, id=19952, stack(0x0000000039b60000,0x0000000039c60000)]
  0x0000000017d1a800 JavaThread "Exec Stream Pumper" daemon [_thread_in_native, id=13040, stack(0x0000000039660000,0x0000000039760000)]
  0x0000000017d19000 JavaThread "Exec Stream Pumper" daemon [_thread_in_native, id=15840, stack(0x0000000039560000,0x0000000039660000)]
  0x0000000017d19800 JavaThread "Exec Default Executor" daemon [_thread_in_native, id=16732, stack(0x0000000039460000,0x0000000039560000)]
  0x0000000017d11800 JavaThread "Exec Stream Pumper" daemon [_thread_in_native, id=20164, stack(0x0000000038f60000,0x0000000039060000)]
  0x0000000017d18000 JavaThread "Exec Stream Pumper" daemon [_thread_in_native, id=14320, stack(0x0000000038e60000,0x0000000038f60000)]
  0x0000000017d15000 JavaThread "Exec Default Executor" daemon [_thread_in_native, id=5660, stack(0x0000000038d60000,0x0000000038e60000)]
  0x0000000017d0d800 JavaThread "Exec Stream Pumper" daemon [_thread_in_native, id=8560, stack(0x0000000038860000,0x0000000038960000)]
  0x0000000017d14800 JavaThread "Exec Stream Pumper" daemon [_thread_in_native, id=10044, stack(0x0000000038760000,0x0000000038860000)]
  0x0000000017d0c800 JavaThread "Exec Default Executor" daemon [_thread_in_native, id=17140, stack(0x0000000038660000,0x0000000038760000)]
  0x0000000017d13800 JavaThread "Exec Stream Pumper" daemon [_thread_in_native, id=17756, stack(0x0000000038160000,0x0000000038260000)]
  0x0000000017d0f800 JavaThread "Exec Stream Pumper" daemon [_thread_in_native, id=11644, stack(0x0000000038060000,0x0000000038160000)]
  0x0000000017d0c000 JavaThread "Exec Default Executor" daemon [_thread_in_native, id=10024, stack(0x0000000037f60000,0x0000000038060000)]
  0x0000000017d12000 JavaThread "Exec Stream Pumper" daemon [_thread_in_native, id=11084, stack(0x0000000037a60000,0x0000000037b60000)]
  0x0000000017d10800 JavaThread "Exec Stream Pumper" daemon [_thread_in_native, id=5772, stack(0x0000000037960000,0x0000000037a60000)]
  0x0000000017d0b000 JavaThread "Exec Default Executor" daemon [_thread_in_native, id=10004, stack(0x0000000037860000,0x0000000037960000)]
  0x0000000017891000 JavaThread "Exec Stream Pumper" daemon [_thread_in_native, id=9940, stack(0x0000000037360000,0x0000000037460000)]
  0x0000000019181800 JavaThread "Exec Stream Pumper" daemon [_thread_in_native, id=19908, stack(0x0000000037260000,0x0000000037360000)]
  0x0000000019183000 JavaThread "Exec Default Executor" daemon [_thread_in_native, id=8260, stack(0x0000000037160000,0x0000000037260000)]
  0x0000000017896800 JavaThread "Exec Stream Pumper" daemon [_thread_in_native, id=19616, stack(0x0000000036c60000,0x0000000036d60000)]
  0x000000001918b000 JavaThread "Exec Stream Pumper" daemon [_thread_in_native, id=9688, stack(0x0000000036b60000,0x0000000036c60000)]
  0x0000000019187800 JavaThread "Exec Default Executor" daemon [_thread_in_native, id=18420, stack(0x0000000036a60000,0x0000000036b60000)]
  0x0000000019189800 JavaThread "Exec Stream Pumper" daemon [_thread_in_native, id=9508, stack(0x0000000036560000,0x0000000036660000)]
  0x0000000019189000 JavaThread "Exec Stream Pumper" daemon [_thread_in_native, id=11956, stack(0x0000000036460000,0x0000000036560000)]
  0x0000000019180000 JavaThread "Exec Default Executor" daemon [_thread_in_native, id=8664, stack(0x0000000036360000,0x0000000036460000)]
  0x0000000019188000 JavaThread "Exec Stream Pumper" daemon [_thread_in_native, id=9416, stack(0x0000000035e60000,0x0000000035f60000)]
  0x000000001918a800 JavaThread "Exec Stream Pumper" daemon [_thread_in_native, id=19720, stack(0x0000000035d60000,0x0000000035e60000)]
  0x000000001917c000 JavaThread "Exec Default Executor" daemon [_thread_in_native, id=19940, stack(0x0000000035c60000,0x0000000035d60000)]
  0x0000000019186000 JavaThread "Exec Stream Pumper" daemon [_thread_in_native, id=2312, stack(0x0000000035760000,0x0000000035860000)]
  0x000000001917e800 JavaThread "Exec Stream Pumper" daemon [_thread_in_native, id=8172, stack(0x0000000035660000,0x0000000035760000)]
  0x000000001917d000 JavaThread "Exec Default Executor" daemon [_thread_in_native, id=4244, stack(0x0000000035560000,0x0000000035660000)]
  0x0000000019183800 JavaThread "Exec Stream Pumper" daemon [_thread_in_native, id=5952, stack(0x0000000034f60000,0x0000000035060000)]
  0x000000001917f000 JavaThread "Exec Stream Pumper" daemon [_thread_in_native, id=11508, stack(0x0000000034e60000,0x0000000034f60000)]
  0x0000000019180800 JavaThread "Exec Default Executor" daemon [_thread_in_native, id=17508, stack(0x0000000034d60000,0x0000000034e60000)]
  0x0000000019185000 JavaThread "Exec Stream Pumper" daemon [_thread_in_native, id=17156, stack(0x0000000034260000,0x0000000034360000)]
  0x0000000019184800 JavaThread "Exec Stream Pumper" daemon [_thread_in_native, id=3192, stack(0x0000000034160000,0x0000000034260000)]
  0x000000001917d800 JavaThread "Exec Default Executor" daemon [_thread_in_native, id=6284, stack(0x0000000034060000,0x0000000034160000)]
  0x00000000188cb000 JavaThread "Exec Stream Pumper" daemon [_thread_in_native, id=17452, stack(0x0000000033a60000,0x0000000033b60000)]
  0x00000000188ca800 JavaThread "Exec Stream Pumper" daemon [_thread_in_native, id=10540, stack(0x0000000033960000,0x0000000033a60000)]
  0x00000000188c6800 JavaThread "Exec Default Executor" daemon [_thread_in_native, id=20364, stack(0x0000000033860000,0x0000000033960000)]
  0x0000000017893800 JavaThread "Exec Stream Pumper" daemon [_thread_in_native, id=19052, stack(0x0000000032d60000,0x0000000032e60000)]
  0x0000000017892800 JavaThread "Exec Stream Pumper" daemon [_thread_in_native, id=14828, stack(0x0000000032c60000,0x0000000032d60000)]
  0x000000001788f800 JavaThread "Exec Default Executor" daemon [_thread_in_native, id=14096, stack(0x0000000032b60000,0x0000000032c60000)]
  0x0000000017895000 JavaThread "Exec Stream Pumper" daemon [_thread_in_native, id=6276, stack(0x0000000032560000,0x0000000032660000)]
  0x0000000017890000 JavaThread "Exec Stream Pumper" daemon [_thread_in_native, id=208, stack(0x0000000032460000,0x0000000032560000)]
  0x0000000017895800 JavaThread "Exec Default Executor" daemon [_thread_in_native, id=9956, stack(0x0000000032360000,0x0000000032460000)]
  0x0000000017888000 JavaThread "Exec Stream Pumper" daemon [_thread_in_native, id=17824, stack(0x0000000032160000,0x0000000032260000)]
  0x000000001788d000 JavaThread "Exec Stream Pumper" daemon [_thread_in_native, id=6696, stack(0x0000000032060000,0x0000000032160000)]
  0x000000001788a000 JavaThread "Exec Default Executor" daemon [_thread_in_native, id=5236, stack(0x0000000031f60000,0x0000000032060000)]
  0x000000001788b800 JavaThread "Exec Stream Pumper" daemon [_thread_in_native, id=6568, stack(0x0000000031e60000,0x0000000031f60000)]
  0x0000000017889800 JavaThread "Exec Stream Pumper" daemon [_thread_in_native, id=12188, stack(0x0000000031d60000,0x0000000031e60000)]
  0x000000001788e000 JavaThread "Exec Default Executor" daemon [_thread_in_native, id=20168, stack(0x0000000031c60000,0x0000000031d60000)]
  0x000000001788e800 JavaThread "Exec Stream Pumper" daemon [_thread_in_native, id=5068, stack(0x0000000031a60000,0x0000000031b60000)]
  0x0000000017887000 JavaThread "Exec Stream Pumper" daemon [_thread_in_native, id=18128, stack(0x0000000031960000,0x0000000031a60000)]
  0x000000001788c800 JavaThread "Exec Default Executor" daemon [_thread_in_native, id=14704, stack(0x0000000031860000,0x0000000031960000)]
  0x000000001788b000 JavaThread "Exec Stream Pumper" daemon [_thread_in_native, id=13488, stack(0x00000000255a0000,0x00000000256a0000)]
  0x0000000017888800 JavaThread "Exec Stream Pumper" daemon [_thread_in_native, id=11560, stack(0x00000000254a0000,0x00000000255a0000)]
  0x000000001950c000 JavaThread "Exec Default Executor" daemon [_thread_in_native, id=13400, stack(0x00000000253a0000,0x00000000254a0000)]
  0x0000000019510800 JavaThread "Exec Stream Pumper" daemon [_thread_in_native, id=7976, stack(0x0000000024ea0000,0x0000000024fa0000)]
  0x000000001950f000 JavaThread "Exec Stream Pumper" daemon [_thread_in_native, id=1316, stack(0x0000000024da0000,0x0000000024ea0000)]
  0x00000000188d0800 JavaThread "Exec Default Executor" daemon [_thread_in_native, id=17996, stack(0x0000000024ca0000,0x0000000024da0000)]
  0x00000000188ce000 JavaThread "Exec Stream Pumper" daemon [_thread_in_native, id=1876, stack(0x00000000247a0000,0x00000000248a0000)]
  0x00000000188cf800 JavaThread "Exec Stream Pumper" daemon [_thread_in_native, id=16768, stack(0x00000000246a0000,0x00000000247a0000)]
  0x00000000188cf000 JavaThread "Exec Default Executor" daemon [_thread_in_native, id=16156, stack(0x00000000245a0000,0x00000000246a0000)]
  0x00000000188cd800 JavaThread "Exec Stream Pumper" daemon [_thread_in_native, id=11236, stack(0x00000000240a0000,0x00000000241a0000)]
  0x00000000188c6000 JavaThread "Exec Stream Pumper" daemon [_thread_in_native, id=19324, stack(0x0000000023fa0000,0x00000000240a0000)]
  0x00000000188cc000 JavaThread "Exec Default Executor" daemon [_thread_in_native, id=17648, stack(0x0000000023ea0000,0x0000000023fa0000)]
  0x00000000188cc800 JavaThread "Exec Stream Pumper" daemon [_thread_in_native, id=8716, stack(0x00000000239a0000,0x0000000023aa0000)]
  0x00000000188c3000 JavaThread "Exec Stream Pumper" daemon [_thread_in_native, id=19548, stack(0x00000000238a0000,0x00000000239a0000)]
  0x00000000188c4800 JavaThread "Exec Default Executor" daemon [_thread_in_native, id=15256, stack(0x00000000237a0000,0x00000000238a0000)]
  0x00000000188c9800 JavaThread "Exec Stream Pumper" daemon [_thread_in_native, id=19744, stack(0x00000000232a0000,0x00000000233a0000)]
  0x00000000188c2000 JavaThread "Exec Stream Pumper" daemon [_thread_in_native, id=17436, stack(0x00000000231a0000,0x00000000232a0000)]
  0x00000000188c9000 JavaThread "Exec Default Executor" daemon [_thread_in_native, id=15384, stack(0x00000000230a0000,0x00000000231a0000)]
  0x00000000188c1800 JavaThread "Exec Stream Pumper" daemon [_thread_in_native, id=8152, stack(0x0000000022ba0000,0x0000000022ca0000)]
  0x00000000188c8000 JavaThread "Exec Stream Pumper" daemon [_thread_in_native, id=8364, stack(0x0000000022aa0000,0x0000000022ba0000)]
  0x00000000188c7800 JavaThread "Exec Default Executor" daemon [_thread_in_native, id=18140, stack(0x00000000229a0000,0x0000000022aa0000)]
  0x00000000188c3800 JavaThread "Exec Stream Pumper" daemon [_thread_in_native, id=13492, stack(0x00000000224a0000,0x00000000225a0000)]
  0x00000000188c5000 JavaThread "Exec Stream Pumper" daemon [_thread_in_native, id=15288, stack(0x00000000223a0000,0x00000000224a0000)]
  0x00000000178ca000 JavaThread "Exec Default Executor" daemon [_thread_in_native, id=19536, stack(0x00000000222a0000,0x00000000223a0000)]
  0x00000000178c9800 JavaThread "Exec Stream Pumper" daemon [_thread_in_native, id=15008, stack(0x0000000021da0000,0x0000000021ea0000)]
  0x00000000178c8800 JavaThread "Exec Stream Pumper" daemon [_thread_in_native, id=11584, stack(0x0000000021ca0000,0x0000000021da0000)]
  0x000000001950a800 JavaThread "Exec Default Executor" daemon [_thread_in_native, id=20388, stack(0x0000000021ba0000,0x0000000021ca0000)]
  0x000000001950e800 JavaThread "Exec Stream Pumper" daemon [_thread_in_native, id=7572, stack(0x00000000216a0000,0x00000000217a0000)]
  0x000000001950a000 JavaThread "Exec Stream Pumper" daemon [_thread_in_native, id=7656, stack(0x00000000215a0000,0x00000000216a0000)]
  0x0000000019510000 JavaThread "Exec Default Executor" daemon [_thread_in_native, id=18840, stack(0x00000000214a0000,0x00000000215a0000)]
  0x0000000019507000 JavaThread "Exec Stream Pumper" daemon [_thread_in_native, id=3992, stack(0x0000000020fa0000,0x00000000210a0000)]
  0x000000001950d800 JavaThread "Exec Stream Pumper" daemon [_thread_in_native, id=9860, stack(0x0000000020ea0000,0x0000000020fa0000)]
  0x000000001950d000 JavaThread "Exec Default Executor" daemon [_thread_in_native, id=11328, stack(0x0000000020da0000,0x0000000020ea0000)]
  0x0000000019504800 JavaThread "Exec Stream Pumper" daemon [_thread_in_native, id=4264, stack(0x000000001f8d0000,0x000000001f9d0000)]
  0x000000001950b800 JavaThread "Exec Stream Pumper" daemon [_thread_in_native, id=19880, stack(0x000000001f7d0000,0x000000001f8d0000)]
  0x0000000019504000 JavaThread "Exec Default Executor" daemon [_thread_in_native, id=15552, stack(0x000000001f6d0000,0x000000001f7d0000)]
  0x0000000019509000 JavaThread "Exec Stream Pumper" daemon [_thread_in_native, id=9304, stack(0x000000001f1d0000,0x000000001f2d0000)]
  0x0000000019503000 JavaThread "Exec Stream Pumper" daemon [_thread_in_native, id=5920, stack(0x000000001f0d0000,0x000000001f1d0000)]
  0x0000000019505800 JavaThread "Exec Default Executor" daemon [_thread_in_native, id=5008, stack(0x000000001efd0000,0x000000001f0d0000)]
  0x0000000019508800 JavaThread "Exec Stream Pumper" daemon [_thread_in_native, id=20188, stack(0x000000001ead0000,0x000000001ebd0000)]
  0x0000000019502800 JavaThread "Exec Stream Pumper" daemon [_thread_in_native, id=17164, stack(0x000000001e9d0000,0x000000001ead0000)]
  0x0000000019506000 JavaThread "Exec Default Executor" daemon [_thread_in_native, id=8428, stack(0x000000001e8d0000,0x000000001e9d0000)]
  0x0000000019507800 JavaThread "Exec Stream Pumper" daemon [_thread_in_native, id=7576, stack(0x000000001e3d0000,0x000000001e4d0000)]
  0x0000000019501800 JavaThread "Exec Stream Pumper" daemon [_thread_in_native, id=13304, stack(0x000000001e2d0000,0x000000001e3d0000)]
  0x00000000178cc800 JavaThread "Exec Default Executor" daemon [_thread_in_native, id=9784, stack(0x000000001e1d0000,0x000000001e2d0000)]
  0x00000000178c8000 JavaThread "Exec Stream Pumper" daemon [_thread_in_native, id=18744, stack(0x000000001dcd0000,0x000000001ddd0000)]
  0x00000000178cb800 JavaThread "Exec Stream Pumper" daemon [_thread_in_native, id=10824, stack(0x000000001dbd0000,0x000000001dcd0000)]
  0x00000000178cd000 JavaThread "Exec Default Executor" daemon [_thread_in_native, id=10700, stack(0x000000001dad0000,0x000000001dbd0000)]
  0x00000000178c7000 JavaThread "Exec Stream Pumper" daemon [_thread_in_native, id=4736, stack(0x000000001c600000,0x000000001c700000)]
  0x00000000178cb000 JavaThread "Exec Stream Pumper" daemon [_thread_in_native, id=1048, stack(0x000000001c500000,0x000000001c600000)]
  0x00000000178ce000 JavaThread "Exec Default Executor" daemon [_thread_in_native, id=10064, stack(0x000000001c400000,0x000000001c500000)]
  0x000000001904c800 JavaThread "Exec Stream Pumper" daemon [_thread_in_native, id=6844, stack(0x000000001bb00000,0x000000001bc00000)]
  0x0000000018e96000 JavaThread "Exec Stream Pumper" daemon [_thread_in_native, id=8068, stack(0x000000001ba00000,0x000000001bb00000)]
  0x0000000018860800 JavaThread "Exec Default Executor" daemon [_thread_in_native, id=8452, stack(0x000000001b900000,0x000000001ba00000)]
  0x0000000017909000 JavaThread "ReaderThread" [_thread_in_native, id=13020, stack(0x0000000018360000,0x0000000018460000)]
  0x0000000017112800 JavaThread "Service Thread" daemon [_thread_blocked, id=6256, stack(0x00000000174f0000,0x00000000175f0000)]
  0x0000000015774800 JavaThread "C1 CompilerThread2" daemon [_thread_blocked, id=1188, stack(0x0000000016ff0000,0x00000000170f0000)]
  0x0000000015770000 JavaThread "C2 CompilerThread1" daemon [_thread_blocked, id=6736, stack(0x0000000016ef0000,0x0000000016ff0000)]
=>0x000000001576d800 JavaThread "C2 CompilerThread0" daemon [_thread_in_native, id=18832, stack(0x0000000016df0000,0x0000000016ef0000)]
  0x000000001577c800 JavaThread "Attach Listener" daemon [_thread_blocked, id=18480, stack(0x0000000016cf0000,0x0000000016df0000)]
  0x000000001577b000 JavaThread "Signal Dispatcher" daemon [_thread_blocked, id=15548, stack(0x0000000016bf0000,0x0000000016cf0000)]
  0x000000001575a800 JavaThread "Finalizer" daemon [_thread_blocked, id=18740, stack(0x0000000016a00000,0x0000000016b00000)]
  0x0000000001922000 JavaThread "Reference Handler" daemon [_thread_blocked, id=17264, stack(0x0000000016900000,0x0000000016a00000)]
  0x0000000001833800 JavaThread "Forwarding getElementText on session 306b4e258431a161810dded5d8451f72 to remote" [_thread_in_native, id=15000, stack(0x0000000003000000,0x0000000003100000)]

Other Threads:
  0x0000000015737800 VMThread [stack: 0x0000000016800000,0x0000000016900000] [id=13864]
  0x000000001578d000 WatcherThread [stack: 0x00000000175f0000,0x00000000176f0000] [id=2504]

VM state:not at safepoint (normal execution)

VM Mutex/Monitor currently owned by a thread: None

Heap:
 PSYoungGen      total 12800K, used 2839K [0x00000000eae00000, 0x00000000ebc80000, 0x0000000100000000)
  eden space 10752K, 19% used [0x00000000eae00000,0x00000000eb006d18,0x00000000eb880000)
  from space 2048K, 37% used [0x00000000eba80000,0x00000000ebb3ef08,0x00000000ebc80000)
  to   space 2048K, 0% used [0x00000000eb880000,0x00000000eb880000,0x00000000eba80000)
 ParOldGen       total 78848K, used 66761K [0x00000000c0a00000, 0x00000000c5700000, 0x00000000eae00000)
  object space 78848K, 84% used [0x00000000c0a00000,0x00000000c4b32418,0x00000000c5700000)
 Metaspace       used 30201K, capacity 30790K, committed 30896K, reserved 1077248K
  class space    used 3510K, capacity 3671K, committed 3760K, reserved 1048576K

Card table byte_map: [0x00000000124c0000,0x00000000126c0000] byte_map_base: 0x0000000011ebb000

Marking Bits: (ParMarkBitMap*) 0x000000005129d850
 Begin Bits: [0x0000000012c20000, 0x0000000013bf8000)
 End Bits:   [0x0000000013bf8000, 0x0000000014bd0000)

Polling page: 0x0000000001770000

CodeCache: size=245760Kb used=25405Kb max_used=26245Kb free=220354Kb
 bounds [0x0000000003100000, 0x0000000004b80000, 0x0000000012100000]
 total_blobs=6557 nmethods=6097 adapters=371
 compilation: enabled

Compilation events (10 events):
Event: 6664.929 Thread 0x0000000015774800 nmethod 8448 0x00000000033c0b90 code [0x00000000033c0d20, 0x00000000033c1248]
Event: 6671.740 Thread 0x0000000015770000 8456   !   4       sun.util.locale.provider.JRELocaleProviderAdapter::getCalendarProvider (56 bytes)
Event: 6671.740 Thread 0x000000001576d800 8457   !   4       java.util.Calendar::createCalendar (287 bytes)
Event: 6671.742 Thread 0x0000000015770000 nmethod 8456 0x0000000003e389d0 code [0x0000000003e38b00, 0x0000000003e38b78]
Event: 6671.817 Thread 0x000000001576d800 nmethod 8457 0x000000000488ecd0 code [0x000000000488eec0, 0x000000000488f5f0]
Event: 6680.836 Thread 0x0000000015770000 8458       4       java.lang.invoke.LambdaForm$DMH/1740223770::invokeStatic_LL_L (15 bytes)
Event: 6680.883 Thread 0x0000000015770000 nmethod 8458 0x0000000003dd7b50 code [0x0000000003dd7ca0, 0x0000000003dd7d48]
Event: 6680.899 Thread 0x0000000015774800 8459       3       java.lang.ProcessImpl::waitFor (26 bytes)
Event: 6680.900 Thread 0x0000000015774800 nmethod 8459 0x0000000003d11d90 code [0x0000000003d11f60, 0x0000000003d124a8]
Event: 6715.277 Thread 0x000000001576d800 8461   !   4       iTestMethods.iTestMethods::compareCorrectAnswers (5583 bytes)

GC Heap History (10 events):
Event: 6713.096 GC heap before
{Heap before GC invocations=1884 (full 6):
 PSYoungGen      total 12800K, used 10583K [0x00000000eae00000, 0x00000000ebc80000, 0x0000000100000000)
  eden space 10752K, 95% used [0x00000000eae00000,0x00000000eb8070d8,0x00000000eb880000)
  from space 2048K, 15% used [0x00000000eb880000,0x00000000eb8cede8,0x00000000eba80000)
  to   space 2048K, 0% used [0x00000000eba80000,0x00000000eba80000,0x00000000ebc80000)
 ParOldGen       total 78848K, used 66665K [0x00000000c0a00000, 0x00000000c5700000, 0x00000000eae00000)
  object space 78848K, 84% used [0x00000000c0a00000,0x00000000c4b1a418,0x00000000c5700000)
 Metaspace       used 30201K, capacity 30790K, committed 30896K, reserved 1077248K
  class space    used 3510K, capacity 3671K, committed 3760K, reserved 1048576K
Event: 6713.100 GC heap after
Heap after GC invocations=1884 (full 6):
 PSYoungGen      total 12800K, used 1275K [0x00000000eae00000, 0x00000000ebc80000, 0x0000000100000000)
  eden space 10752K, 0% used [0x00000000eae00000,0x00000000eae00000,0x00000000eb880000)
  from space 2048K, 62% used [0x00000000eba80000,0x00000000ebbbee10,0x00000000ebc80000)
  to   space 2048K, 0% used [0x00000000eb880000,0x00000000eb880000,0x00000000eba80000)
 ParOldGen       total 78848K, used 66689K [0x00000000c0a00000, 0x00000000c5700000, 0x00000000eae00000)
  object space 78848K, 84% used [0x00000000c0a00000,0x00000000c4b20418,0x00000000c5700000)
 Metaspace       used 30201K, capacity 30790K, committed 30896K, reserved 1077248K
  class space    used 3510K, capacity 3671K, committed 3760K, reserved 1048576K
}
Event: 6713.881 GC heap before
{Heap before GC invocations=1885 (full 6):
 PSYoungGen      total 12800K, used 11669K [0x00000000eae00000, 0x00000000ebc80000, 0x0000000100000000)
  eden space 10752K, 96% used [0x00000000eae00000,0x00000000eb8267f8,0x00000000eb880000)
  from space 2048K, 62% used [0x00000000eba80000,0x00000000ebbbee10,0x00000000ebc80000)
  to   space 2048K, 0% used [0x00000000eb880000,0x00000000eb880000,0x00000000eba80000)
 ParOldGen       total 78848K, used 66689K [0x00000000c0a00000, 0x00000000c5700000, 0x00000000eae00000)
  object space 78848K, 84% used [0x00000000c0a00000,0x00000000c4b20418,0x00000000c5700000)
 Metaspace       used 30201K, capacity 30790K, committed 30896K, reserved 1077248K
  class space    used 3510K, capacity 3671K, committed 3760K, reserved 1048576K
Event: 6713.887 GC heap after
Heap after GC invocations=1885 (full 6):
 PSYoungGen      total 12800K, used 1211K [0x00000000eae00000, 0x00000000ebc80000, 0x0000000100000000)
  eden space 10752K, 0% used [0x00000000eae00000,0x00000000eae00000,0x00000000eb880000)
  from space 2048K, 59% used [0x00000000eb880000,0x00000000eb9aee30,0x00000000eba80000)
  to   space 2048K, 0% used [0x00000000eba80000,0x00000000eba80000,0x00000000ebc80000)
 ParOldGen       total 78848K, used 66705K [0x00000000c0a00000, 0x00000000c5700000, 0x00000000eae00000)
  object space 78848K, 84% used [0x00000000c0a00000,0x00000000c4b24418,0x00000000c5700000)
 Metaspace       used 30201K, capacity 30790K, committed 30896K, reserved 1077248K
  class space    used 3510K, capacity 3671K, committed 3760K, reserved 1048576K
}
Event: 6714.837 GC heap before
{Heap before GC invocations=1886 (full 6):
 PSYoungGen      total 12800K, used 11963K [0x00000000eae00000, 0x00000000ebc80000, 0x0000000100000000)
  eden space 10752K, 100% used [0x00000000eae00000,0x00000000eb880000,0x00000000eb880000)
  from space 2048K, 59% used [0x00000000eb880000,0x00000000eb9aee30,0x00000000eba80000)
  to   space 2048K, 0% used [0x00000000eba80000,0x00000000eba80000,0x00000000ebc80000)
 ParOldGen       total 78848K, used 66705K [0x00000000c0a00000, 0x00000000c5700000, 0x00000000eae00000)
  object space 78848K, 84% used [0x00000000c0a00000,0x00000000c4b24418,0x00000000c5700000)
 Metaspace       used 30201K, capacity 30790K, committed 30896K, reserved 1077248K
  class space    used 3510K, capacity 3671K, committed 3760K, reserved 1048576K
Event: 6714.841 GC heap after
Heap after GC invocations=1886 (full 6):
 PSYoungGen      total 12800K, used 827K [0x00000000eae00000, 0x00000000ebc80000, 0x0000000100000000)
  eden space 10752K, 0% used [0x00000000eae00000,0x00000000eae00000,0x00000000eb880000)
  from space 2048K, 40% used [0x00000000eba80000,0x00000000ebb4ed48,0x00000000ebc80000)
  to   space 2048K, 0% used [0x00000000eb880000,0x00000000eb880000,0x00000000eba80000)
 ParOldGen       total 78848K, used 66729K [0x00000000c0a00000, 0x00000000c5700000, 0x00000000eae00000)
  object space 78848K, 84% used [0x00000000c0a00000,0x00000000c4b2a418,0x00000000c5700000)
 Metaspace       used 30201K, capacity 30790K, committed 30896K, reserved 1077248K
  class space    used 3510K, capacity 3671K, committed 3760K, reserved 1048576K
}
Event: 6715.709 GC heap before
{Heap before GC invocations=1887 (full 6):
 PSYoungGen      total 12800K, used 11518K [0x00000000eae00000, 0x00000000ebc80000, 0x0000000100000000)
  eden space 10752K, 99% used [0x00000000eae00000,0x00000000eb870ac0,0x00000000eb880000)
  from space 2048K, 40% used [0x00000000eba80000,0x00000000ebb4ed48,0x00000000ebc80000)
  to   space 2048K, 0% used [0x00000000eb880000,0x00000000eb880000,0x00000000eba80000)
 ParOldGen       total 78848K, used 66729K [0x00000000c0a00000, 0x00000000c5700000, 0x00000000eae00000)
  object space 78848K, 84% used [0x00000000c0a00000,0x00000000c4b2a418,0x00000000c5700000)
 Metaspace       used 30201K, capacity 30790K, committed 30896K, reserved 1077248K
  class space    used 3510K, capacity 3671K, committed 3760K, reserved 1048576K
Event: 6715.714 GC heap after
Heap after GC invocations=1887 (full 6):
 PSYoungGen      total 12800K, used 315K [0x00000000eae00000, 0x00000000ebc80000, 0x0000000100000000)
  eden space 10752K, 0% used [0x00000000eae00000,0x00000000eae00000,0x00000000eb880000)
  from space 2048K, 15% used [0x00000000eb880000,0x00000000eb8ceef0,0x00000000eba80000)
  to   space 2048K, 0% used [0x00000000eba80000,0x00000000eba80000,0x00000000ebc80000)
 ParOldGen       total 78848K, used 66745K [0x00000000c0a00000, 0x00000000c5700000, 0x00000000eae00000)
  object space 78848K, 84% used [0x00000000c0a00000,0x00000000c4b2e418,0x00000000c5700000)
 Metaspace       used 30201K, capacity 30790K, committed 30896K, reserved 1077248K
  class space    used 3510K, capacity 3671K, committed 3760K, reserved 1048576K
}
Event: 6716.499 GC heap before
{Heap before GC invocations=1888 (full 6):
 PSYoungGen      total 12800K, used 10574K [0x00000000eae00000, 0x00000000ebc80000, 0x0000000100000000)
  eden space 10752K, 95% used [0x00000000eae00000,0x00000000eb804a80,0x00000000eb880000)
  from space 2048K, 15% used [0x00000000eb880000,0x00000000eb8ceef0,0x00000000eba80000)
  to   space 2048K, 0% used [0x00000000eba80000,0x00000000eba80000,0x00000000ebc80000)
 ParOldGen       total 78848K, used 66745K [0x00000000c0a00000, 0x00000000c5700000, 0x00000000eae00000)
  object space 78848K, 84% used [0x00000000c0a00000,0x00000000c4b2e418,0x00000000c5700000)
 Metaspace       used 30201K, capacity 30790K, committed 30896K, reserved 1077248K
  class space    used 3510K, capacity 3671K, committed 3760K, reserved 1048576K
Event: 6716.504 GC heap after
Heap after GC invocations=1888 (full 6):
 PSYoungGen      total 12800K, used 763K [0x00000000eae00000, 0x00000000ebc80000, 0x0000000100000000)
  eden space 10752K, 0% used [0x00000000eae00000,0x00000000eae00000,0x00000000eb880000)
  from space 2048K, 37% used [0x00000000eba80000,0x00000000ebb3ef08,0x00000000ebc80000)
  to   space 2048K, 0% used [0x00000000eb880000,0x00000000eb880000,0x00000000eba80000)
 ParOldGen       total 78848K, used 66761K [0x00000000c0a00000, 0x00000000c5700000, 0x00000000eae00000)
  object space 78848K, 84% used [0x00000000c0a00000,0x00000000c4b32418,0x00000000c5700000)
 Metaspace       used 30201K, capacity 30790K, committed 30896K, reserved 1077248K
  class space    used 3510K, capacity 3671K, committed 3760K, reserved 1048576K
}

Deoptimization events (10 events):
Event: 4283.224 Thread 0x0000000001833800 Uncommon trap: reason=unstable_if action=reinterpret pc=0x0000000004348b38 method=com.sun.org.apache.xerces.internal.dom.DeferredElementNSImpl.synchronizeData()V @ 46
Event: 4283.254 Thread 0x0000000001833800 Uncommon trap: reason=bimorphic action=maybe_recompile pc=0x0000000004135868 method=java.lang.ThreadLocal.set(Ljava/lang/Object;)V @ 6
Event: 4283.333 Thread 0x0000000001833800 Uncommon trap: reason=class_check action=maybe_recompile pc=0x0000000003fe8954 method=org.openxmlformats.schemas.spreadsheetml.x2006.main.impl.CTWorksheetImpl.addNewCols()Lorg/openxmlformats/schemas/spreadsheetml/x2006/main/CTCols; @ 20
Event: 4283.336 Thread 0x0000000001833800 Uncommon trap: reason=class_check action=maybe_recompile pc=0x0000000003fe8954 method=org.openxmlformats.schemas.spreadsheetml.x2006.main.impl.CTWorksheetImpl.addNewCols()Lorg/openxmlformats/schemas/spreadsheetml/x2006/main/CTCols; @ 20
Event: 4283.336 Thread 0x0000000001833800 Uncommon trap: reason=class_check action=maybe_recompile pc=0x00000000032637f4 method=org.openxmlformats.schemas.spreadsheetml.x2006.main.impl.CTWorkbookImpl.isSetDefinedNames()Z @ 18
Event: 4283.336 Thread 0x0000000001833800 Uncommon trap: reason=unstable_if action=reinterpret pc=0x00000000040a0730 method=org.apache.xmlbeans.impl.store.Locale$nthCache.fetch(Lorg/apache/xmlbeans/impl/store/Xobj;Ljavax/xml/namespace/QName;Lorg/apache/xmlbeans/QNameSet;I)Lorg/apache/xmlbeans/imp
Event: 4323.113 Thread 0x0000000001833800 Uncommon trap: reason=unstable_if action=reinterpret pc=0x00000000044ae400 method=org.apache.xmlbeans.impl.store.Xobj.store_text(Ljava/lang/String;)V @ 36
Event: 4323.113 Thread 0x0000000001833800 Uncommon trap: reason=unstable_if action=reinterpret pc=0x0000000003c02750 method=org.apache.xmlbeans.impl.store.Xobj.getFirstChars()Ljava/lang/Object; @ 8
Event: 4403.482 Thread 0x0000000001833800 Uncommon trap: reason=unstable_if action=reinterpret pc=0x0000000003d2ffcc method=org.apache.poi.xssf.usermodel.XSSFRichTextString.preserveSpaces(Lorg/openxmlformats/schemas/spreadsheetml/x2006/main/STXstring;)V @ 15
Event: 6147.139 Thread 0x0000000001833800 Uncommon trap: reason=unstable_if action=reinterpret pc=0x0000000004adc3e0 method=iTestMethods.iTestMethods.compareCorrectAnswers(Ljava/lang/String;)V @ 1808

Internal exceptions (10 events):
Event: 6715.996 Thread 0x0000000001833800 Exception <a 'java/net/SocketTimeoutException': Read timed out> (0x00000000eb15a4d0) thrown at [C:\re\workspace\8-2-build-windows-amd64-cygwin\jdk8u141\9370\hotspot\src\share\vm\prims\jni.cpp, line 735]
Event: 6716.152 Thread 0x0000000001833800 Exception <a 'java/net/SocketTimeoutException': Read timed out> (0x00000000eb5590c0) thrown at [C:\re\workspace\8-2-build-windows-amd64-cygwin\jdk8u141\9370\hotspot\src\share\vm\prims\jni.cpp, line 735]
Event: 6716.184 Thread 0x0000000001833800 Exception <a 'java/net/SocketTimeoutException': Read timed out> (0x00000000eb567728) thrown at [C:\re\workspace\8-2-build-windows-amd64-cygwin\jdk8u141\9370\hotspot\src\share\vm\prims\jni.cpp, line 735]
Event: 6716.246 Thread 0x0000000001833800 Exception <a 'java/net/SocketTimeoutException': Read timed out> (0x00000000eb5a4f80) thrown at [C:\re\workspace\8-2-build-windows-amd64-cygwin\jdk8u141\9370\hotspot\src\share\vm\prims\jni.cpp, line 735]
Event: 6716.277 Thread 0x0000000001833800 Exception <a 'java/net/SocketTimeoutException': Read timed out> (0x00000000eb5bd8a0) thrown at [C:\re\workspace\8-2-build-windows-amd64-cygwin\jdk8u141\9370\hotspot\src\share\vm\prims\jni.cpp, line 735]
Event: 6716.309 Thread 0x0000000001833800 Exception <a 'java/net/SocketTimeoutException': Read timed out> (0x00000000eb5cbed0) thrown at [C:\re\workspace\8-2-build-windows-amd64-cygwin\jdk8u141\9370\hotspot\src\share\vm\prims\jni.cpp, line 735]
Event: 6716.340 Thread 0x0000000001833800 Exception <a 'java/net/SocketTimeoutException': Read timed out> (0x00000000eb5dbb10) thrown at [C:\re\workspace\8-2-build-windows-amd64-cygwin\jdk8u141\9370\hotspot\src\share\vm\prims\jni.cpp, line 735]
Event: 6716.371 Thread 0x0000000001833800 Exception <a 'java/net/SocketTimeoutException': Read timed out> (0x00000000eb5ea640) thrown at [C:\re\workspace\8-2-build-windows-amd64-cygwin\jdk8u141\9370\hotspot\src\share\vm\prims\jni.cpp, line 735]
Event: 6716.547 Thread 0x0000000001833800 Exception <a 'java/net/SocketTimeoutException': Read timed out> (0x00000000eafe6418) thrown at [C:\re\workspace\8-2-build-windows-amd64-cygwin\jdk8u141\9370\hotspot\src\share\vm\prims\jni.cpp, line 735]
Event: 6716.579 Thread 0x0000000001833800 Exception <a 'java/net/SocketTimeoutException': Read timed out> (0x00000000eaff4a80) thrown at [C:\re\workspace\8-2-build-windows-amd64-cygwin\jdk8u141\9370\hotspot\src\share\vm\prims\jni.cpp, line 735]

Events (10 events):
Event: 6713.881 Executing VM operation: ParallelGCFailedAllocation
Event: 6713.887 Executing VM operation: ParallelGCFailedAllocation done
Event: 6714.837 Executing VM operation: ParallelGCFailedAllocation
Event: 6714.841 Executing VM operation: ParallelGCFailedAllocation done
Event: 6715.277 Thread 0x0000000001833800 DEOPT PACKING pc=0x0000000004b30ce0 sp=0x00000000030fd8f0
Event: 6715.277 Thread 0x0000000001833800 DEOPT UNPACKING pc=0x000000000314747f sp=0x00000000030fe550 mode 0
Event: 6715.709 Executing VM operation: ParallelGCFailedAllocation
Event: 6715.714 Executing VM operation: ParallelGCFailedAllocation done
Event: 6716.498 Executing VM operation: ParallelGCFailedAllocation
Event: 6716.504 Executing VM operation: ParallelGCFailedAllocation done


Dynamic libraries:
0x00007ff6be0d0000 - 0x00007ff6be107000 	C:\Program Files\Java\jdk1.8.0_141\bin\javaw.exe
0x00007ffdb6270000 - 0x00007ffdb6441000 	C:\Windows\SYSTEM32\ntdll.dll
0x00007ffdb54f0000 - 0x00007ffdb559c000 	C:\Windows\System32\KERNEL32.DLL
0x00007ffdb33a0000 - 0x00007ffdb35bd000 	C:\Windows\System32\KERNELBASE.dll
0x0000000052e40000 - 0x0000000052ece000 	C:\Windows\System32\SYSFER.DLL
0x00007ffdb56f0000 - 0x00007ffdb5792000 	C:\Windows\System32\ADVAPI32.dll
0x00007ffdb5f90000 - 0x00007ffdb602e000 	C:\Windows\System32\msvcrt.dll
0x00007ffdb3800000 - 0x00007ffdb3859000 	C:\Windows\System32\sechost.dll
0x00007ffdb3970000 - 0x00007ffdb3a91000 	C:\Windows\System32\RPCRT4.dll
0x00007ffdb6100000 - 0x00007ffdb6265000 	C:\Windows\System32\USER32.dll
0x00007ffdb2970000 - 0x00007ffdb298e000 	C:\Windows\System32\win32u.dll
0x00007ffdb56a0000 - 0x00007ffdb56d4000 	C:\Windows\System32\GDI32.dll
0x00007ffdb3220000 - 0x00007ffdb33a0000 	C:\Windows\System32\gdi32full.dll
0x00007ffdadaa0000 - 0x00007ffdadd1a000 	C:\Windows\WinSxS\amd64_microsoft.windows.common-controls_6595b64144ccf1df_6.0.14393.953_none_42151e83c686086b\COMCTL32.dll
0x00007ffdb3aa0000 - 0x00007ffdb3d68000 	C:\Windows\System32\combase.dll
0x00007ffdb30d0000 - 0x00007ffdb31c5000 	C:\Windows\System32\ucrtbase.dll
0x00007ffdb35c0000 - 0x00007ffdb362a000 	C:\Windows\System32\bcryptPrimitives.dll
0x00007ffdb5670000 - 0x00007ffdb569e000 	C:\Windows\System32\IMM32.DLL
0x0000000051320000 - 0x00000000513f2000 	C:\Program Files\Java\jdk1.8.0_141\jre\bin\msvcr100.dll
0x0000000050a80000 - 0x000000005131d000 	C:\Program Files\Java\jdk1.8.0_141\jre\bin\server\jvm.dll
0x00007ffdb54e0000 - 0x00007ffdb54e8000 	C:\Windows\System32\PSAPI.DLL
0x00007ffdab470000 - 0x00007ffdab479000 	C:\Windows\SYSTEM32\WSOCK32.dll
0x00007ffdb5600000 - 0x00007ffdb566a000 	C:\Windows\System32\WS2_32.dll
0x00007ffdb0b90000 - 0x00007ffdb0bb3000 	C:\Windows\SYSTEM32\WINMM.dll
0x00007ffdb0120000 - 0x00007ffdb012a000 	C:\Windows\SYSTEM32\VERSION.dll
0x00007ffdb0a20000 - 0x00007ffdb0a4b000 	C:\Windows\SYSTEM32\WINMMBASE.dll
0x00007ffdb31d0000 - 0x00007ffdb3212000 	C:\Windows\System32\cfgmgr32.dll
0x0000000051ce0000 - 0x0000000051cef000 	C:\Program Files\Java\jdk1.8.0_141\jre\bin\verify.dll
0x0000000051c70000 - 0x0000000051c99000 	C:\Program Files\Java\jdk1.8.0_141\jre\bin\java.dll
0x0000000051cc0000 - 0x0000000051cd6000 	C:\Program Files\Java\jdk1.8.0_141\jre\bin\zip.dll
0x00007ffdb3fd0000 - 0x00007ffdb54d8000 	C:\Windows\System32\SHELL32.dll
0x00007ffdb29f0000 - 0x00007ffdb30ca000 	C:\Windows\System32\windows.storage.dll
0x00007ffdb26f0000 - 0x00007ffdb273c000 	C:\Windows\System32\powrprof.dll
0x00007ffdb55a0000 - 0x00007ffdb55f2000 	C:\Windows\System32\shlwapi.dll
0x00007ffdb26e0000 - 0x00007ffdb26ef000 	C:\Windows\System32\kernel.appcore.dll
0x00007ffdb28c0000 - 0x00007ffdb2969000 	C:\Windows\System32\shcore.dll
0x00007ffdb2750000 - 0x00007ffdb2764000 	C:\Windows\System32\profapi.dll
0x0000000051c50000 - 0x0000000051c6a000 	C:\Program Files\Java\jdk1.8.0_141\jre\bin\net.dll
0x00007ffdb1fb0000 - 0x00007ffdb200c000 	C:\Windows\system32\mswsock.dll
0x00007ffdb1d70000 - 0x00007ffdb1e11000 	C:\Windows\SYSTEM32\DNSAPI.dll
0x00007ffdb3860000 - 0x00007ffdb3868000 	C:\Windows\System32\NSI.dll
0x00007ffdb1d30000 - 0x00007ffdb1d68000 	C:\Windows\SYSTEM32\IPHLPAPI.DLL
0x0000000051ab0000 - 0x0000000051ad6000 	C:\Program Files\Bonjour\mdnsNSP.dll
0x00007ffdab6d0000 - 0x00007ffdab6da000 	C:\Windows\System32\rasadhlp.dll
0x00007ffdaf840000 - 0x00007ffdaf8aa000 	C:\Windows\System32\fwpuclnt.dll
0x00007ffdb2580000 - 0x00007ffdb25ab000 	C:\Windows\SYSTEM32\bcrypt.dll
0x00007ffdb2160000 - 0x00007ffdb2177000 	C:\Windows\SYSTEM32\CRYPTSP.dll
0x00007ffdb1bc0000 - 0x00007ffdb1bf3000 	C:\Windows\system32\rsaenh.dll
0x00007ffdb1e30000 - 0x00007ffdb1e4f000 	C:\Windows\SYSTEM32\USERENV.dll
0x00007ffdb2150000 - 0x00007ffdb215b000 	C:\Windows\SYSTEM32\CRYPTBASE.dll
0x00007ffdad810000 - 0x00007ffdad826000 	C:\Windows\SYSTEM32\dhcpcsvc6.DLL
0x00007ffdad7a0000 - 0x00007ffdad7ba000 	C:\Windows\SYSTEM32\dhcpcsvc.DLL
0x0000000051c00000 - 0x0000000051c11000 	C:\Program Files\Java\jdk1.8.0_141\jre\bin\nio.dll
0x00007ffda88d0000 - 0x00007ffda88e6000 	C:\Windows\system32\napinsp.dll
0x00007ffda8970000 - 0x00007ffda898a000 	C:\Windows\system32\pnrpnsp.dll
0x00007ffdb0130000 - 0x00007ffdb0148000 	C:\Windows\system32\NLAapi.dll
0x00007ffda8b50000 - 0x00007ffda8b5e000 	C:\Windows\System32\winrnr.dll
0x0000000051760000 - 0x0000000051784000 	C:\Program Files\Java\jdk1.8.0_141\jre\bin\sunec.dll
0x0000000180000000 - 0x0000000180038000 	C:\Users\011276\AppData\Local\Temp\jna-1420961345\jna8905579458931063249.dll

VM Arguments:
jvm_args: -ea -Dfile.encoding=Cp1252 
java_command: org.testng.remote.RemoteTestNG -serport 55783 -protocol json -d C:\Users\011276\eclipse2\iTest\test-output C:\Users\011276\eclipse2\iTest\testng.xml
java_class_path (initial): C:\Users\011276\Downloads\Softwares-20180130T103501Z-001\Softwares\eclipse_Oxygen\eclipse\configuration\org.eclipse.osgi\511\0\.cp\lib\testng-remote.jar;C:\Program Files\Java\jdk1.8.0_141\jre\lib\resources.jar;C:\Program Files\Java\jdk1.8.0_141\jre\lib\rt.jar;C:\Program Files\Java\jdk1.8.0_141\jre\lib\jsse.jar;C:\Program Files\Java\jdk1.8.0_141\jre\lib\jce.jar;C:\Program Files\Java\jdk1.8.0_141\jre\lib\charsets.jar;C:\Program Files\Java\jdk1.8.0_141\jre\lib\jfr.jar;C:\Program Files\Java\jdk1.8.0_141\jre\lib\ext\access-bridge-64.jar;C:\Program Files\Java\jdk1.8.0_141\jre\lib\ext\cldrdata.jar;C:\Program Files\Java\jdk1.8.0_141\jre\lib\ext\dnsns.jar;C:\Program Files\Java\jdk1.8.0_141\jre\lib\ext\jaccess.jar;C:\Program Files\Java\jdk1.8.0_141\jre\lib\ext\jfxrt.jar;C:\Program Files\Java\jdk1.8.0_141\jre\lib\ext\localedata.jar;C:\Program Files\Java\jdk1.8.0_141\jre\lib\ext\nashorn.jar;C:\Program Files\Java\jdk1.8.0_141\jre\lib\ext\sunec.jar;C:\Program Files\Java\jdk1.8.0_141\jre\lib\ext\sunjce_provider.jar;C:\Program Files\Java\jdk1.8.0_141\jre\lib\ext\sunmscapi.jar;C:\Program Files\Java\jdk1.8.0_141\jre\lib\ext\sunpkcs11.jar;C:\Program Files\Java\jdk1.8.0_141\jre\lib\ext\zipfs.jar;C:\Users\011276\eclipse2\iTest\target\test-classes;C:\Users\011276\eclipse2\iTest\target\classes;C:\Users\011276\Downloads\Softwares-20180130T103501Z-001\Softwares\eclipse_Oxygen\eclipse\plugins\org.testng_6.13.1.r201712040515.jar;C:\Users\011276\Downloads\Softwares-20180130T103501Z-001\Softwares\eclipse_Oxygen\eclipse\plugins\com.beust.jcommander_1.72.0.jar;C:\Users\011276\Downloads\Softwares-20180130T103501Z-001\Softwares\eclipse_Oxygen\eclipse\plugins\org.apache-extras.beanshell.bsh_2.0.0.b6.jar;C:\Users\011276\Downloads\Softwares-20180130T103501Z-001\Softwares\eclipse_Oxygen\eclipse\plugins\org.yaml.snakeyaml_1.17.0.jar;C:\Users\011276\.m2\repository\org\seleniumhq\selenium\selenium-java\3.6.0\selenium-java-3.6.0.jar;C:\Users\011276\.m2\repository\org\seleniumhq
Launcher Type: SUN_STANDARD

Environment Variables:
PATH=C:/Program Files (x86)/Java/jre1.8.0_161/bin/client;C:/Program Files (x86)/Java/jre1.8.0_161/bin;C:/Program Files (x86)/Java/jre1.8.0_161/lib/i386;C:\ProgramData\Oracle\Java\javapath;C:\Windows\system32;C:\Windows;C:\Windows\System32\Wbem;C:\Windows\System32\WindowsPowerShell\v1.0\;C:\Program Files\TortoiseSVN\bin;C:\Program Files (x86)\QuickTime Alternative\QTSystem;C:\Program Files\7-Zip;C:\Program Files\Git\bin;C:\Program Files\Git\cmd;E:\Selenium\Downloads\apache-maven-3.5.2\bin;C:\Users\011276\AppData\Local\Programs\Python\Launcher\;C:\Program Files\Java\jdk1.8.0_141\bin;C:\Users\011276\Downloads\Softwares-20180130T103501Z-001\Softwares\eclipse_Oxygen\eclipse;
USERNAME=011276
OS=Windows_NT
PROCESSOR_IDENTIFIER=Intel64 Family 6 Model 30 Stepping 5, GenuineIntel



---------------  S Y S T E M  ---------------

OS: Windows 10.0 , 64 bit Build 14393 (10.0.14393.1198)

CPU:total 4 (initial active 4) (4 cores per cpu, 1 threads per core) family 6 model 30 stepping 5, cmov, cx8, fxsr, mmx, sse, sse2, sse3, ssse3, sse4.1, sse4.2, popcnt, tsc, tscinvbit

Memory: 4k page, physical 4152436k(94176k free), swap 12344436k(10560k free)

vm_info: Java HotSpot(TM) 64-Bit Server VM (25.141-b15) for windows-amd64 JRE (1.8.0_141-b15), built on Jul 12 2017 04:25:12 by "java_re" with MS VC++ 10.0 (VS2010)

time: Tue Jun 19 01:02:01 2018
elapsed time: 6720 seconds (0d 1h 52m 0s)

